Component: ARM Compiler 5.06 update 6 (build 750) Tool: armlink [4d35ed]

==============================================================================

Section Cross References

    main.o(i.SysTick_Handler) refers to main.o(.data) for tick
    main.o(i.delay_ms) refers to main.o(.data) for tick
    main.o(i.init) refers to main.o(i.init_HCLK) for init_HCLK
    main.o(i.init) refers to main.o(i.init_UART0) for init_UART0
    main.o(i.init) refers to system_nano100series.o(i.SystemCoreClockUpdate) for SystemCoreClockUpdate
    main.o(i.init) refers to aeabi_sdiv.o(.text) for __aeabi_uidivmod
    main.o(i.init) refers to main.o(i.__NVIC_SetPriority) for __NVIC_SetPriority
    main.o(i.init) refers to rfoutput.o(i.nrf_init) for nrf_init
    main.o(i.init) refers to system_nano100series.o(.data) for SystemCoreClock
    main.o(i.init) refers to main.o(.constdata) for .constdata
    main.o(i.init_HCLK) refers to main.o(i.SYS_UnlockReg) for SYS_UnlockReg
    main.o(i.init_HCLK) refers to clk.o(i.CLK_EnableXtalRC) for CLK_EnableXtalRC
    main.o(i.init_HCLK) refers to clk.o(i.CLK_WaitClockReady) for CLK_WaitClockReady
    main.o(i.init_HCLK) refers to clk.o(i.CLK_SetHCLK) for CLK_SetHCLK
    main.o(i.init_UART0) refers to main.o(i.SYS_UnlockReg) for SYS_UnlockReg
    main.o(i.init_UART0) refers to clk.o(i.CLK_EnableModuleClock) for CLK_EnableModuleClock
    main.o(i.init_UART0) refers to clk.o(i.CLK_SetModuleClock) for CLK_SetModuleClock
    main.o(i.init_UART0) refers to uart.o(i.UART_Open) for UART_Open
    main.o(i.main) refers to main.o(i.init) for init
    main.o(i.main) refers to main.o(i.delay_ms) for delay_ms
    main.o(i.main) refers to i2c.o(i.MPU6050_init) for MPU6050_init
    main.o(i.main) refers to rt_memclr.o(.text) for __aeabi_memclr4
    main.o(i.main) refers to i2c.o(i.MPU6050_test) for MPU6050_test
    main.o(i.main) refers to rfoutput.o(i.nrf_output) for nrf_output
    main.o(i.main) refers to main.o(.constdata) for .constdata
    main.o(i.sw2) refers to main.o(.data) for sta
    rfoutput.o(i.init_spi) refers to clk.o(i.CLK_SetModuleClock) for CLK_SetModuleClock
    rfoutput.o(i.init_spi) refers to clk.o(i.CLK_EnableModuleClock) for CLK_EnableModuleClock
    rfoutput.o(i.init_spi) refers to spi.o(i.SPI_Open) for SPI_Open
    rfoutput.o(i.init_spi) refers to spi.o(i.SPI_EnableFIFO) for SPI_EnableFIFO
    rfoutput.o(i.nrf_config) refers to rfoutput.o(i.spi_setreg) for spi_setreg
    rfoutput.o(i.nrf_config) refers to aeabi_sdiv.o(.text) for __aeabi_idivmod
    rfoutput.o(i.nrf_config) refers to rfoutput.o(.data) for aa
    rfoutput.o(i.nrf_init) refers to rfoutput.o(i.init_spi) for init_spi
    rfoutput.o(i.nrf_init) refers to rfoutput.o(i.nrf_config) for nrf_config
    rfoutput.o(i.nrf_init) refers to rfoutput.o(i.spi_setaddr) for spi_setaddr
    rfoutput.o(i.nrf_init) refers to rfoutput.o(i.spi_cmd) for spi_cmd
    rfoutput.o(i.nrf_init) refers to rfoutput.o(i.spi_setreg) for spi_setreg
    rfoutput.o(i.nrf_init) refers to rfoutput.o(.data) for _pw
    rfoutput.o(i.nrf_input) refers to rfoutput.o(i.spi_getreg) for spi_getreg
    rfoutput.o(i.nrf_input) refers to rfoutput.o(i.spi) for spi
    rfoutput.o(i.nrf_input) refers to rfoutput.o(i.spi_cmd) for spi_cmd
    rfoutput.o(i.nrf_input) refers to rfoutput.o(i.spi_setreg) for spi_setreg
    rfoutput.o(i.nrf_output) refers to rfoutput.o(i.spi_setreg) for spi_setreg
    rfoutput.o(i.nrf_output) refers to rfoutput.o(i.spi_cmd) for spi_cmd
    rfoutput.o(i.nrf_output) refers to rfoutput.o(i.spi) for spi
    rfoutput.o(i.nrf_output) refers to rfoutput.o(i.spi_getreg) for spi_getreg
    rfoutput.o(i.nrf_output) refers to rfoutput.o(.data) for _pw
    rfoutput.o(i.spi_cmd) refers to rfoutput.o(i.spi) for spi
    rfoutput.o(i.spi_getreg) refers to rfoutput.o(i.spi) for spi
    rfoutput.o(i.spi_setaddr) refers to rfoutput.o(i.spi) for spi
    rfoutput.o(i.spi_setreg) refers to rfoutput.o(i.spi) for spi
    i2c.o(i.MPU6050_getreg) refers to i2c.o(i.i2c_start) for i2c_start
    i2c.o(i.MPU6050_getreg) refers to i2c.o(i.i2c_write) for i2c_write
    i2c.o(i.MPU6050_getreg) refers to i2c.o(i.i2c_read) for i2c_read
    i2c.o(i.MPU6050_getreg) refers to i2c.o(i.i2c_stop) for i2c_stop
    i2c.o(i.MPU6050_init) refers to i2c.o(i.MPU6050_setreg) for MPU6050_setreg
    i2c.o(i.MPU6050_setreg) refers to i2c.o(i.i2c_start) for i2c_start
    i2c.o(i.MPU6050_setreg) refers to i2c.o(i.i2c_write) for i2c_write
    i2c.o(i.MPU6050_setreg) refers to i2c.o(i.i2c_stop) for i2c_stop
    i2c.o(i.MPU6050_test) refers to _printf_percent.o(.ARM.Collect$$_printf_percent$$00000000) for _printf_percent
    i2c.o(i.MPU6050_test) refers to _printf_d.o(.ARM.Collect$$_printf_percent$$00000009) for _printf_d
    i2c.o(i.MPU6050_test) refers to _printf_dec.o(.text) for _printf_int_dec
    i2c.o(i.MPU6050_test) refers to i2c.o(i.MPU6050_getreg) for MPU6050_getreg
    i2c.o(i.MPU6050_test) refers to fflti.o(.text) for __aeabi_i2f
[...]
    libinit.o(.ARM.Collect$$libinit$$00000000) refers (Special) to libinit2.o(.ARM.Collect$$libinit$$00000021) for __rt_lib_init_clock_1
    libinit.o(.ARM.Collect$$libinit$$00000000) refers (Special) to libinit2.o(.ARM.Collect$$libinit$$00000032) for __rt_lib_init_cpp_1
    libinit.o(.ARM.Collect$$libinit$$00000000) refers (Special) to libinit2.o(.ARM.Collect$$libinit$$00000030) for __rt_lib_init_exceptions_1
    libinit.o(.ARM.Collect$$libinit$$00000000) refers (Special) to libinit2.o(.ARM.Collect$$libinit$$00000002) for __rt_lib_init_fp_1
    libinit.o(.ARM.Collect$$libinit$$00000000) refers (Special) to libinit2.o(.ARM.Collect$$libinit$$0000001F) for __rt_lib_init_fp_trap_1
    libinit.o(.ARM.Collect$$libinit$$00000000) refers (Special) to libinit2.o(.ARM.Collect$$libinit$$00000023) for __rt_lib_init_getenv_1
    libinit.o(.ARM.Collect$$libinit$$00000000) refers (Special) to libinit2.o(.ARM.Collect$$libinit$$0000000A) for __rt_lib_init_heap_1
    libinit.o(.ARM.Collect$$libinit$$00000000) refers (Special) to libinit2.o(.ARM.Collect$$libinit$$00000011) for __rt_lib_init_lc_collate_1
    libinit.o(.ARM.Collect$$libinit$$00000000) refers (Special) to libinit2.o(.ARM.Collect$$libinit$$00000013) for __rt_lib_init_lc_ctype_1
    libinit.o(.ARM.Collect$$libinit$$00000000) refers (Special) to libinit2.o(.ARM.Collect$$libinit$$00000015) for __rt_lib_init_lc_monetary_1
    libinit.o(.ARM.Collect$$libinit$$00000000) refers (Special) to libinit2.o(.ARM.Collect$$libinit$$00000017) for __rt_lib_init_lc_numeric_1
    libinit.o(.ARM.Collect$$libinit$$00000000) refers (Special) to libinit2.o(.ARM.Collect$$libinit$$00000019) for __rt_lib_init_lc_time_1
    libinit.o(.ARM.Collect$$libinit$$00000000) refers (Special) to libinit2.o(.ARM.Collect$$libinit$$00000004) for __rt_lib_init_preinit_1
    libinit.o(.ARM.Collect$$libinit$$00000000) refers (Special) to libinit2.o(.ARM.Collect$$libinit$$0000000E) for __rt_lib_init_rand_1
    libinit.o(.ARM.Collect$$libinit$$00000000) refers (Special) to libinit2.o(.ARM.Collect$$libinit$$00000033) for __rt_lib_init_return
    libinit.o(.ARM.Collect$$libinit$$00000000) refers (Special) to libinit2.o(.ARM.Collect$$libinit$$0000001D) for __rt_lib_init_signal_1
    libinit.o(.ARM.Collect$$libinit$$00000000) refers (Special) to libinit2.o(.ARM.Collect$$libinit$$00000025) for __rt_lib_init_stdio_1
    libinit.o(.ARM.Collect$$libinit$$00000000) refers (Special) to libinit2.o(.ARM.Collect$$libinit$$0000000C) for __rt_lib_init_user_alloc_1
    dnan2.o(.text) refers (Special) to usenofp.o(x$fpl$usenofp) for __I$use$fp
    dnan2.o(.text) refers to retnan.o(.text) for __fpl_return_NaN
    retnan.o(.text) refers (Special) to usenofp.o(x$fpl$usenofp) for __I$use$fp
    retnan.o(.text) refers to cmpret.o(.text) for __fpl_cmpreturn
    rtexit.o(.ARM.Collect$$rtexit$$00000000) refers (Special) to rtexit2.o(.ARM.Collect$$rtexit$$00000004) for __rt_exit_exit
    rtexit.o(.ARM.Collect$$rtexit$$00000000) refers (Special) to rtexit2.o(.ARM.Collect$$rtexit$$00000003) for __rt_exit_ls
    rtexit.o(.ARM.Collect$$rtexit$$00000000) refers (Special) to rtexit2.o(.ARM.Collect$$rtexit$$00000002) for __rt_exit_prels_1
    rtexit.o(.ARM.exidx) refers (Special) to rtexit2.o(.ARM.Collect$$rtexit$$00000004) for __rt_exit_exit
    rtexit.o(.ARM.exidx) refers (Special) to rtexit2.o(.ARM.Collect$$rtexit$$00000003) for __rt_exit_ls
    rtexit.o(.ARM.exidx) refers (Special) to rtexit2.o(.ARM.Collect$$rtexit$$00000002) for __rt_exit_prels_1
    rtexit.o(.ARM.exidx) refers to rtexit.o(.ARM.Collect$$rtexit$$00000000) for .ARM.Collect$$rtexit$$00000000
    rt_raise.o(.text) refers to __raise.o(.text) for __raise
    rt_raise.o(.text) refers to sys_exit.o(.text) for _sys_exit
    defsig_exit.o(.text) refers to sys_exit.o(.text) for _sys_exit
    defsig_fpe_inner.o(.text) refers to defsig_general.o(.text) for __default_signal_display
    libinit2.o(.ARM.Collect$$libinit$$00000010) refers to libinit2.o(.ARM.Collect$$libinit$$0000000F) for .ARM.Collect$$libinit$$0000000F
    libinit2.o(.ARM.Collect$$libinit$$00000012) refers to libinit2.o(.ARM.Collect$$libinit$$0000000F) for .ARM.Collect$$libinit$$0000000F
    libinit2.o(.ARM.Collect$$libinit$$00000014) refers to libinit2.o(.ARM.Collect$$libinit$$0000000F) for .ARM.Collect$$libinit$$0000000F
    libinit2.o(.ARM.Collect$$libinit$$00000016) refers to libinit2.o(.ARM.Collect$$libinit$$0000000F) for .ARM.Collect$$libinit$$0000000F
    libinit2.o(.ARM.Collect$$libinit$$00000018) refers to libinit2.o(.ARM.Collect$$libinit$$0000000F) for .ARM.Collect$$libinit$$0000000F
    libinit2.o(.ARM.Collect$$libinit$$00000026) refers to argv_veneer.o(.text) for __ARM_argv_veneer
    libinit2.o(.ARM.Collect$$libinit$$00000027) refers to argv_veneer.o(.text) for __ARM_argv_veneer
    sys_exit.o(.text) refers (Special) to use_no_semi.o(.text) for __I$use$semihosting
    sys_exit.o(.text) refers (Special) to indicate_semi.o(.text) for __semihosting_library_function
    rtexit2.o(.ARM.Collect$$rtexit$$00000003) refers to libshutdown.o(.ARM.Collect$$libshutdown$$00000000) for __rt_lib_shutdown
    rtexit2.o(.ARM.Collect$$rtexit$$00000004) refers to sys_exit.o(.text) for _sys_exit
    rtexit2.o(.ARM.exidx) refers to rtexit2.o(.ARM.Collect$$rtexit$$00000001) for .ARM.Collect$$rtexit$$00000001
    rtexit2.o(.ARM.exidx) refers to rtexit2.o(.ARM.Collect$$rtexit$$00000003) for .ARM.Collect$$rtexit$$00000003
    rtexit2.o(.ARM.exidx) refers to rtexit2.o(.ARM.Collect$$rtexit$$00000004) for .ARM.Collect$$rtexit$$00000004
    __raise.o(.text) refers to defsig.o(CL$$defsig) for __default_signal_handler
    defsig_general.o(.text) refers to retarget.o(i._ttywrch) for _ttywrch
    defsig.o(CL$$defsig) refers to defsig_fpe_inner.o(.text) for __rt_SIGFPE_inner
    defsig.o(CL$$defsig) refers to defsig_rtmem_inner.o(.text) for __rt_SIGRTMEM_inner
    _get_argv_nomalloc.o(.text) refers (Special) to hrguard.o(.text) for __heap_region$guard
    _get_argv_nomalloc.o(.text) refers to defsig_rtmem_outer.o(.text) for __rt_SIGRTMEM
    _get_argv_nomalloc.o(.text) refers to sys_command.o(.text) for _sys_command_string
    libshutdown.o(.ARM.Collect$$libshutdown$$00000000) refers (Special) to libshutdown2.o(.ARM.Collect$$libshutdown$$00000002) for __rt_lib_shutdown_cpp_1
    libshutdown.o(.ARM.Collect$$libshutdown$$00000000) refers (Special) to libshutdown2.o(.ARM.Collect$$libshutdown$$00000007) for __rt_lib_shutdown_fp_trap_1
    libshutdown.o(.ARM.Collect$$libshutdown$$00000000) refers (Special) to libshutdown2.o(.ARM.Collect$$libshutdown$$0000000F) for __rt_lib_shutdown_heap_1
    libshutdown.o(.ARM.Collect$$libshutdown$$00000000) refers (Special) to libshutdown2.o(.ARM.Collect$$libshutdown$$00000010) for __rt_lib_shutdown_return
    libshutdown.o(.ARM.Collect$$libshutdown$$00000000) refers (Special) to libshutdown2.o(.ARM.Collect$$libshutdown$$0000000A) for __rt_lib_shutdown_signal_1
    libshutdown.o(.ARM.Collect$$libshutdown$$00000000) refers (Special) to libshutdown2.o(.ARM.Collect$$libshutdown$$00000004) for __rt_lib_shutdown_stdio_1
    libshutdown.o(.ARM.Collect$$libshutdown$$00000000) refers (Special) to libshutdown2.o(.ARM.Collect$$libshutdown$$0000000C) for __rt_lib_shutdown_user_alloc_1
    sys_command.o(.text) refers (Special) to use_no_semi.o(.text) for __I$use$semihosting
    sys_command.o(.text) refers (Special) to indicate_semi.o(.text) for __semihosting_library_function
    defsig_abrt_inner.o(.text) refers to defsig_general.o(.text) for __default_signal_display
    defsig_rtred_inner.o(.text) refers to defsig_general.o(.text) for __default_signal_display
    defsig_rtmem_inner.o(.text) refers to defsig_general.o(.text) for __default_signal_display
    defsig_rtmem_outer.o(.text) refers to defsig_rtmem_inner.o(.text) for __rt_SIGRTMEM_inner
    defsig_rtmem_outer.o(.text) refers to defsig_exit.o(.text) for __sig_exit
    defsig_rtmem_formal.o(.text) refers to rt_raise.o(.text) for __rt_raise
    defsig_stak_inner.o(.text) refers to defsig_general.o(.text) for __default_signal_display
    defsig_pvfn_inner.o(.text) refers to defsig_general.o(.text) for __default_signal_display
    defsig_cppl_inner.o(.text) refers to defsig_general.o(.text) for __default_signal_display
    defsig_segv_inner.o(.text) refers to defsig_general.o(.text) for __default_signal_display
    defsig_other.o(.text) refers to defsig_general.o(.text) for __default_signal_display


==============================================================================

Removing Unused input sections from the image.

    Removing main.o(.rev16_text), (4 bytes).
    Removing main.o(.revsh_text), (4 bytes).
    Removing main.o(i.sw2), (44 bytes).
    Removing main.o(.bss), (88 bytes).
    Removing rfoutput.o(.rev16_text), (4 bytes).
    Removing rfoutput.o(.revsh_text), (4 bytes).
    Removing rfoutput.o(i.nrf_input), (92 bytes).
    Removing i2c.o(.rev16_text), (4 bytes).
    Removing i2c.o(.revsh_text), (4 bytes).
    Removing clk.o(.rev16_text), (4 bytes).
    Removing clk.o(.revsh_text), (4 bytes).
    Removing clk.o(i.CLK_DisableCKO), (20 bytes).
    Removing clk.o(i.CLK_DisableModuleClock), (36 bytes).
    Removing clk.o(i.CLK_DisablePLL), (20 bytes).
    Removing clk.o(i.CLK_DisableSysTick), (12 bytes).
    Removing clk.o(i.CLK_DisableXtalRC), (16 bytes).
    Removing clk.o(i.CLK_EnableCKO), (40 bytes).
    Removing clk.o(i.CLK_EnablePLL), (224 bytes).
    Removing clk.o(i.CLK_EnableSysTick), (64 bytes).
    Removing clk.o(i.CLK_GetCPUFreq), (16 bytes).
    Removing clk.o(i.CLK_GetHXTFreq), (28 bytes).
    Removing clk.o(i.CLK_GetLXTFreq), (24 bytes).
    Removing clk.o(i.CLK_Idle), (20 bytes).
    Removing clk.o(i.CLK_PowerDown), (32 bytes).
    Removing clk.o(i.CLK_SetCoreClock), (148 bytes).
    Removing clk.o(i.CLK_SysTickDelay), (52 bytes).
    Removing clk.o(.constdata), (16 bytes).
    Removing spi.o(.rev16_text), (4 bytes).
    Removing spi.o(.revsh_text), (4 bytes).
    Removing spi.o(i.SPI_ClearRxFIFO), (10 bytes).
    Removing spi.o(i.SPI_ClearTxFIFO), (10 bytes).
    Removing spi.o(i.SPI_Close), (124 bytes).
    Removing spi.o(i.SPI_DisableAutoSS), (10 bytes).
    Removing spi.o(i.SPI_DisableFIFO), (12 bytes).
    Removing spi.o(i.SPI_DisableInt), (102 bytes).
    Removing spi.o(i.SPI_DisableWakeup), (10 bytes).
    Removing spi.o(i.SPI_EnableAutoSS), (22 bytes).
    Removing spi.o(i.SPI_EnableInt), (102 bytes).
    Removing spi.o(i.SPI_EnableWakeup), (12 bytes).
    Removing spi.o(i.SPI_GetBusClock), (132 bytes).
    Removing sys.o(.rev16_text), (4 bytes).
    Removing sys.o(.revsh_text), (4 bytes).
    Removing sys.o(i.SYS_ClearResetSrc), (16 bytes).
    Removing sys.o(i.SYS_DisableBOD), (20 bytes).
    Removing sys.o(i.SYS_DisableIRCTrim), (12 bytes).
    Removing sys.o(i.SYS_EnableBOD), (24 bytes).
    Removing sys.o(i.SYS_EnableIRCTrim), (32 bytes).
    Removing sys.o(i.SYS_GetBODStatus), (12 bytes).
    Removing sys.o(i.SYS_GetResetSrc), (8 bytes).
    Removing sys.o(i.SYS_IsRegLocked), (20 bytes).
    Removing sys.o(i.SYS_ReadPDID), (8 bytes).
    Removing sys.o(i.SYS_ResetCPU), (18 bytes).
    Removing sys.o(i.SYS_ResetChip), (18 bytes).
    Removing sys.o(i.SYS_ResetModule), (48 bytes).
    Removing retarget.o(.rev16_text), (4 bytes).
    Removing retarget.o(.revsh_text), (4 bytes).
    Removing retarget.o(i.GetChar), (28 bytes).
    Removing retarget.o(i.IsDebugFifoEmpty), (20 bytes).
    Removing retarget.o(i._ttywrch), (12 bytes).
    Removing retarget.o(i.fgetc), (10 bytes).
    Removing retarget.o(i.kbhit), (16 bytes).
    Removing system_nano100series.o(.rev16_text), (4 bytes).
    Removing system_nano100series.o(.revsh_text), (4 bytes).
    Removing uart.o(.rev16_text), (4 bytes).
    Removing uart.o(.revsh_text), (4 bytes).
    Removing uart.o(i.UART_ClearIntFlag), (112 bytes).
    Removing uart.o(i.UART_Close), (6 bytes).
    Removing uart.o(i.UART_DisableFlowCtrl), (10 bytes).
    Removing uart.o(i.UART_DisableInt), (8 bytes).
    Removing uart.o(i.UART_EnableFlowCtrl), (24 bytes).
    Removing uart.o(i.UART_EnableInt), (8 bytes).
    Removing uart.o(i.UART_Read), (52 bytes).
    Removing uart.o(i.UART_SelectIrDAMode), (164 bytes).
    Removing uart.o(i.UART_SelectLINMode), (34 bytes).
    Removing uart.o(i.UART_SelectRS485Mode), (22 bytes).
    Removing uart.o(i.UART_SetLine_Config), (164 bytes).
    Removing uart.o(i.UART_SetTimeoutCnt), (20 bytes).
    Removing uart.o(i.UART_Write), (54 bytes).

78 unused section(s) (total 2610 bytes) removed from the image.

==============================================================================

Image Symbol Table

    Local Symbols

    Symbol Name                              Value     Ov Type        Size  Object(Section)

    RESET                                    0x00000000   Section      192  startup_nano100series.o(RESET)
    ../clib/angel/boardlib.s                 0x00000000   Number         0  boardshut.o ABSOLUTE
    ../clib/angel/boardlib.s                 0x00000000   Number         0  boardinit1.o ABSOLUTE
    ../clib/angel/boardlib.s                 0x00000000   Number         0  boardinit2.o ABSOLUTE
    ../clib/angel/boardlib.s                 0x00000000   Number         0  boardinit3.o ABSOLUTE
    ../clib/angel/handlers.s                 0x00000000   Number         0  __scatter_zi.o ABSOLUTE
    ../clib/angel/handlers.s                 0x00000000   Number         0  __scatter_copy.o ABSOLUTE
    ../clib/angel/kernel.s                   0x00000000   Number         0  __rtentry2.o ABSOLUTE
    ../clib/angel/kernel.s                   0x00000000   Number         0  __rtentry4.o ABSOLUTE
    ../clib/angel/kernel.s                   0x00000000   Number         0  __rtentry.o ABSOLUTE
    ../clib/angel/kernel.s                   0x00000000   Number         0  rtexit.o ABSOLUTE
    ../clib/angel/kernel.s                   0x00000000   Number         0  rtexit2.o ABSOLUTE
    ../clib/angel/rt.s                       0x00000000   Number         0  rt_raise.o ABSOLUTE
    ../clib/angel/rt.s                       0x00000000   Number         0  rt_errno_addr.o ABSOLUTE
    ../clib/angel/rt.s                       0x00000000   Number         0  rt_div0.o ABSOLUTE
    ../clib/angel/rt.s                       0x00000000   Number         0  rt_errno_addr_intlibspace.o ABSOLUTE
    ../clib/angel/rt.s                       0x00000000   Number         0  aeabi_idiv0_sigfpe.o ABSOLUTE
    ../clib/angel/rt.s                       0x00000000   Number         0  aeabi_idiv0.o ABSOLUTE
    ../clib/angel/scatterp.s                 0x00000000   Number         0  __scatter.o ABSOLUTE
    ../clib/angel/startup.s                  0x00000000   Number         0  __main.o ABSOLUTE
    ../clib/angel/sys.s                      0x00000000   Number         0  libspace.o ABSOLUTE
    ../clib/angel/sys.s                      0x00000000   Number         0  indicate_semi.o ABSOLUTE
    ../clib/angel/sys.s                      0x00000000   Number         0  use_no_semi.o ABSOLUTE
    ../clib/angel/sys.s                      0x00000000   Number         0  tempstk.o ABSOLUTE
    ../clib/angel/sys.s                      0x00000000   Number         0  sys_stackheap_outer.o ABSOLUTE
    ../clib/angel/sysapp.c                   0x00000000   Number         0  sys_command.o ABSOLUTE
    ../clib/angel/sysapp.c                   0x00000000   Number         0  sys_exit.o ABSOLUTE
    ../clib/armsys.c                         0x00000000   Number         0  no_argv.o ABSOLUTE
    ../clib/armsys.c                         0x00000000   Number         0  _get_argv_nomalloc.o ABSOLUTE
    ../clib/armsys.c                         0x00000000   Number         0  argv_veneer.o ABSOLUTE
    ../clib/division.c                       0x00000000   Number         0  rtudiv10.o ABSOLUTE
    ../clib/division.s                       0x00000000   Number         0  aeabi_sdiv_div0.o ABSOLUTE
    ../clib/division.s                       0x00000000   Number         0  aeabi_sdiv.o ABSOLUTE
    ../clib/fenv.c                           0x00000000   Number         0  _rserrno.o ABSOLUTE
    ../clib/heapalloc.c                      0x00000000   Number         0  hrguard.o ABSOLUTE
    ../clib/heapaux.c                        0x00000000   Number         0  heapauxi.o ABSOLUTE
    ../clib/libinit.s                        0x00000000   Number         0  libshutdown.o ABSOLUTE
    ../clib/libinit.s                        0x00000000   Number         0  libinit2.o ABSOLUTE
    ../clib/libinit.s                        0x00000000   Number         0  libinit.o ABSOLUTE
    ../clib/libinit.s                        0x00000000   Number         0  libshutdown2.o ABSOLUTE
    ../clib/memcpset.c                       0x00000000   Number         0  rt_memclr.o ABSOLUTE
    ../clib/misc.s                           0x00000000   Number         0  printf_stubs.o ABSOLUTE
    ../clib/printf.c                         0x00000000   Number         0  _printf_hex_int.o ABSOLUTE
    ../clib/printf.c                         0x00000000   Number         0  _printf_hex_ll.o ABSOLUTE
    ../clib/printf.c                         0x00000000   Number         0  _printf_dec.o ABSOLUTE
    ../clib/printf.c                         0x00000000   Number         0  _printf_char_common.o ABSOLUTE
    ../clib/printf.c                         0x00000000   Number         0  noretval__2printf.o ABSOLUTE
    ../clib/printf.c                         0x00000000   Number         0  __2printf.o ABSOLUTE
    ../clib/printf.c                         0x00000000   Number         0  __printf_ss_wp.o ABSOLUTE
    ../clib/printf.c                         0x00000000   Number         0  __printf_flags_ss_wp.o ABSOLUTE
    ../clib/printf.c                         0x00000000   Number         0  _printf_char_file.o ABSOLUTE
    ../clib/printf.c                         0x00000000   Number         0  __printf_wp.o ABSOLUTE
    ../clib/printf.c                         0x00000000   Number         0  __printf_flags_ss.o ABSOLUTE
    ../clib/printf.c                         0x00000000   Number         0  __printf_ss.o ABSOLUTE
    ../clib/printf.c                         0x00000000   Number         0  __printf_flags_wp.o ABSOLUTE
    ../clib/printf.c                         0x00000000   Number         0  _printf_hex_int_ll_ptr.o ABSOLUTE
    ../clib/printf.c                         0x00000000   Number         0  _printf_hex_int_ptr.o ABSOLUTE
    ../clib/printf.c                         0x00000000   Number         0  _printf_hex_ptr.o ABSOLUTE
    ../clib/printf.c                         0x00000000   Number         0  __printf_flags.o ABSOLUTE
    ../clib/printf.c                         0x00000000   Number         0  _printf_hex_int_ll.o ABSOLUTE
    ../clib/printf.c                         0x00000000   Number         0  _printf_intcommon.o ABSOLUTE
    ../clib/printf.c                         0x00000000   Number         0  __printf.o ABSOLUTE
    ../clib/printf.c                         0x00000000   Number         0  _printf_hex_ll_ptr.o ABSOLUTE
    ../clib/printf.c                         0x00000000   Number         0  __printf_nopercent.o ABSOLUTE
    ../clib/printf_percent.s                 0x00000000   Number         0  _printf_percent.o ABSOLUTE
    ../clib/printf_percent.s                 0x00000000   Number         0  _printf_d.o ABSOLUTE
    ../clib/printf_percent.s                 0x00000000   Number         0  _printf_x.o ABSOLUTE
    ../clib/printf_percent.s                 0x00000000   Number         0  _printf_percent_end.o ABSOLUTE
    ../clib/signal.c                         0x00000000   Number         0  defsig_rtmem_inner.o ABSOLUTE
    ../clib/signal.c                         0x00000000   Number         0  defsig_abrt_inner.o ABSOLUTE
    ../clib/signal.c                         0x00000000   Number         0  defsig_rtred_inner.o ABSOLUTE
    ../clib/signal.c                         0x00000000   Number         0  defsig_rtmem_outer.o ABSOLUTE
    ../clib/signal.c                         0x00000000   Number         0  defsig_general.o ABSOLUTE
    ../clib/signal.c                         0x00000000   Number         0  __raise.o ABSOLUTE
    ../clib/signal.c                         0x00000000   Number         0  defsig_rtmem_formal.o ABSOLUTE
    ../clib/signal.c                         0x00000000   Number         0  defsig_stak_inner.o ABSOLUTE
    ../clib/signal.c                         0x00000000   Number         0  defsig_pvfn_inner.o ABSOLUTE
    ../clib/signal.c                         0x00000000   Number         0  defsig_cppl_inner.o ABSOLUTE
    ../clib/signal.c                         0x00000000   Number         0  defsig_segv_inner.o ABSOLUTE
    ../clib/signal.c                         0x00000000   Number         0  defsig_other.o ABSOLUTE
    ../clib/signal.c                         0x00000000   Number         0  defsig_fpe_inner.o ABSOLUTE
    ../clib/signal.c                         0x00000000   Number         0  defsig_exit.o ABSOLUTE
    ../clib/signal.c                         0x00000000   Number         0  defsig_fpe_formal.o ABSOLUTE
    ../clib/signal.c                         0x00000000   Number         0  defsig_fpe_outer.o ABSOLUTE
    ../clib/signal.s                         0x00000000   Number         0  defsig.o ABSOLUTE
    ../clib/stdlib.c                         0x00000000   Number         0  exit.o ABSOLUTE
    ../fplib/cfplib/cmpret.c                 0x00000000   Number         0  cmpret.o ABSOLUTE
    ../fplib/cfplib/d2f.c                    0x00000000   Number         0  d2f.o ABSOLUTE
    ../fplib/cfplib/dcmpin.c                 0x00000000   Number         0  dcmpin.o ABSOLUTE
    ../fplib/cfplib/dsqrt.c                  0x00000000   Number         0  dsqrt.o ABSOLUTE
    ../fplib/cfplib/f2d.c                    0x00000000   Number         0  f2d.o ABSOLUTE
    ../fplib/cfplib/fcmpin.c                 0x00000000   Number         0  fcmpin.o ABSOLUTE
    ../fplib/cfplib/fdiv.c                   0x00000000   Number         0  fdiv.o ABSOLUTE
    ../fplib/cfplib/ffix.c                   0x00000000   Number         0  ffixi.o ABSOLUTE
    ../fplib/cfplib/fflt.c                   0x00000000   Number         0  fflti.o ABSOLUTE
    ../fplib/cfplib/fpinit.c                 0x00000000   Number         0  fpinit.o ABSOLUTE
    ../fplib/cfplib/nan2.c                   0x00000000   Number         0  dnan2.o ABSOLUTE
    ../fplib/cfplib/nan2.c                   0x00000000   Number         0  fnan2.o ABSOLUTE
    ../fplib/cfplib/retnan.c                 0x00000000   Number         0  retnan.o ABSOLUTE
    ../fplib/dleqf6m.s                       0x00000000   Number         0  dlef.o ABSOLUTE
    ../fplib/faddsub6m.s                     0x00000000   Number         0  faddsub.o ABSOLUTE
    ../fplib/fmul6m.s                        0x00000000   Number         0  fmul.o ABSOLUTE
    ../fplib/frleqf6m.s                      0x00000000   Number         0  frlef.o ABSOLUTE
    ../fplib/usenofp.s                       0x00000000   Number         0  usenofp.o ABSOLUTE
    ../mathlib/sqrt.c                        0x00000000   Number         0  sqrt_x.o ABSOLUTE
    ../mathlib/sqrt.c                        0x00000000   Number         0  sqrt.o ABSOLUTE
    C:\Keil_v5\ARM\PACK\Nuvoton\NuMicro_DFP\1.0.7\Device\NANO100BN\Driver\clk.c 0x00000000   Number         0  clk.o ABSOLUTE
    C:\Keil_v5\ARM\PACK\Nuvoton\NuMicro_DFP\1.0.7\Device\NANO100BN\Driver\spi.c 0x00000000   Number         0  spi.o ABSOLUTE
    C:\Keil_v5\ARM\PACK\Nuvoton\NuMicro_DFP\1.0.7\Device\NANO100BN\Driver\sys.c 0x00000000   Number         0  sys.o ABSOLUTE
    C:\Keil_v5\ARM\PACK\Nuvoton\NuMicro_DFP\1.0.7\Device\NANO100BN\Driver\uart.c 0x00000000   Number         0  uart.o ABSOLUTE
    C:\\Keil_v5\\ARM\\PACK\\Nuvoton\\NuMicro_DFP\\1.0.7\\Device\\NANO100BN\\Driver\\clk.c 0x00000000   Number         0  clk.o ABSOLUTE
    C:\\Keil_v5\\ARM\\PACK\\Nuvoton\\NuMicro_DFP\\1.0.7\\Device\\NANO100BN\\Driver\\spi.c 0x00000000   Number         0  spi.o ABSOLUTE
    C:\\Keil_v5\\ARM\\PACK\\Nuvoton\\NuMicro_DFP\\1.0.7\\Device\\NANO100BN\\Driver\\sys.c 0x00000000   Number         0  sys.o ABSOLUTE
    C:\\Keil_v5\\ARM\\PACK\\Nuvoton\\NuMicro_DFP\\1.0.7\\Device\\NANO100BN\\Driver\\uart.c 0x00000000   Number         0  uart.o ABSOLUTE
    I2C.c                                    0x00000000   Number         0  i2c.o ABSOLUTE
    I2C.c                                    0x00000000   Number         0  i2c.o ABSOLUTE
    RFoutput.c                               0x00000000   Number         0  rfoutput.o ABSOLUTE
    RFoutput.c                               0x00000000   Number         0  rfoutput.o ABSOLUTE
    RTE\Device\NANO130KE3BN\retarget.c       0x00000000   Number         0  retarget.o ABSOLUTE
    RTE\Device\NANO130KE3BN\startup_Nano100Series.s 0x00000000   Number         0  startup_nano100series.o ABSOLUTE
    RTE\Device\NANO130KE3BN\system_Nano100Series.c 0x00000000   Number         0  system_nano100series.o ABSOLUTE
    RTE\\Device\\NANO130KE3BN\\retarget.c    0x00000000   Number         0  retarget.o ABSOLUTE
    RTE\\Device\\NANO130KE3BN\\system_Nano100Series.c 0x00000000   Number         0  system_nano100series.o ABSOLUTE
    dc.s                                     0x00000000   Number         0  dc.o ABSOLUTE
    main.c                                   0x00000000   Number         0  main.o ABSOLUTE
    main.c                                   0x00000000   Number         0  main.o ABSOLUTE
    !!!main                                  0x000000c0   Section        8  __main.o(!!!main)
    !!!scatter                               0x000000c8   Section       60  __scatter.o(!!!scatter)
    !!handler_copy                           0x00000104   Section       26  __scatter_copy.o(!!handler_copy)
    !!handler_zi                             0x00000120   Section       28  __scatter_zi.o(!!handler_zi)
    .ARM.Collect$$_printf_percent$$00000000  0x0000013c   Section        2  _printf_percent.o(.ARM.Collect$$_printf_percent$$00000000)
    .ARM.Collect$$_printf_percent$$00000009  0x0000013e   Section       10  _printf_d.o(.ARM.Collect$$_printf_percent$$00000009)
    .ARM.Collect$$_printf_percent$$0000000C  0x00000148   Section       10  _printf_x.o(.ARM.Collect$$_printf_percent$$0000000C)
    .ARM.Collect$$_printf_percent$$00000017  0x00000152   Section        4  _printf_percent_end.o(.ARM.Collect$$_printf_percent$$00000017)
    .ARM.Collect$$libinit$$00000000          0x00000156   Section        2  libinit.o(.ARM.Collect$$libinit$$00000000)
    .ARM.Collect$$libinit$$00000002          0x00000158   Section        0  libinit2.o(.ARM.Collect$$libinit$$00000002)
    .ARM.Collect$$libinit$$00000004          0x00000158   Section        0  libinit2.o(.ARM.Collect$$libinit$$00000004)
    .ARM.Collect$$libinit$$0000000A          0x00000158   Section        0  libinit2.o(.ARM.Collect$$libinit$$0000000A)
    .ARM.Collect$$libinit$$0000000C          0x00000158   Section        0  libinit2.o(.ARM.Collect$$libinit$$0000000C)
    .ARM.Collect$$libinit$$0000000E          0x00000158   Section        0  libinit2.o(.ARM.Collect$$libinit$$0000000E)
    .ARM.Collect$$libinit$$00000011          0x00000158   Section        0  libinit2.o(.ARM.Collect$$libinit$$00000011)
    .ARM.Collect$$libinit$$00000013          0x00000158   Section        0  libinit2.o(.ARM.Collect$$libinit$$00000013)
    .ARM.Collect$$libinit$$00000015          0x00000158   Section        0  libinit2.o(.ARM.Collect$$libinit$$00000015)
    .ARM.Collect$$libinit$$00000017          0x00000158   Section        0  libinit2.o(.ARM.Collect$$libinit$$00000017)
    .ARM.Collect$$libinit$$00000019          0x00000158   Section        0  libinit2.o(.ARM.Collect$$libinit$$00000019)
    .ARM.Collect$$libinit$$0000001B          0x00000158   Section        0  libinit2.o(.ARM.Collect$$libinit$$0000001B)
    .ARM.Collect$$libinit$$0000001D          0x00000158   Section        0  libinit2.o(.ARM.Collect$$libinit$$0000001D)
    .ARM.Collect$$libinit$$0000001F          0x00000158   Section        0  libinit2.o(.ARM.Collect$$libinit$$0000001F)
    .ARM.Collect$$libinit$$00000021          0x00000158   Section        0  libinit2.o(.ARM.Collect$$libinit$$00000021)
    .ARM.Collect$$libinit$$00000023          0x00000158   Section        0  libinit2.o(.ARM.Collect$$libinit$$00000023)
    .ARM.Collect$$libinit$$00000025          0x00000158   Section        0  libinit2.o(.ARM.Collect$$libinit$$00000025)
    .ARM.Collect$$libinit$$0000002C          0x00000158   Section        0  libinit2.o(.ARM.Collect$$libinit$$0000002C)
    .ARM.Collect$$libinit$$0000002E          0x00000158   Section        0  libinit2.o(.ARM.Collect$$libinit$$0000002E)
    .ARM.Collect$$libinit$$00000030          0x00000158   Section        0  libinit2.o(.ARM.Collect$$libinit$$00000030)
    .ARM.Collect$$libinit$$00000032          0x00000158   Section        0  libinit2.o(.ARM.Collect$$libinit$$00000032)
    .ARM.Collect$$libinit$$00000033          0x00000158   Section        2  libinit2.o(.ARM.Collect$$libinit$$00000033)
    .ARM.Collect$$libshutdown$$00000000      0x0000015a   Section        2  libshutdown.o(.ARM.Collect$$libshutdown$$00000000)
    .ARM.Collect$$libshutdown$$00000002      0x0000015c   Section        0  libshutdown2.o(.ARM.Collect$$libshutdown$$00000002)
    .ARM.Collect$$libshutdown$$00000004      0x0000015c   Section        0  libshutdown2.o(.ARM.Collect$$libshutdown$$00000004)
    .ARM.Collect$$libshutdown$$00000007      0x0000015c   Section        0  libshutdown2.o(.ARM.Collect$$libshutdown$$00000007)
    .ARM.Collect$$libshutdown$$0000000A      0x0000015c   Section        0  libshutdown2.o(.ARM.Collect$$libshutdown$$0000000A)
    .ARM.Collect$$libshutdown$$0000000C      0x0000015c   Section        0  libshutdown2.o(.ARM.Collect$$libshutdown$$0000000C)
    .ARM.Collect$$libshutdown$$0000000F      0x0000015c   Section        0  libshutdown2.o(.ARM.Collect$$libshutdown$$0000000F)
    .ARM.Collect$$libshutdown$$00000010      0x0000015c   Section        2  libshutdown2.o(.ARM.Collect$$libshutdown$$00000010)
    .ARM.Collect$$rtentry$$00000000          0x0000015e   Section        0  __rtentry.o(.ARM.Collect$$rtentry$$00000000)
    .ARM.Collect$$rtentry$$00000002          0x0000015e   Section        0  __rtentry2.o(.ARM.Collect$$rtentry$$00000002)
    .ARM.Collect$$rtentry$$00000004          0x0000015e   Section        6  __rtentry4.o(.ARM.Collect$$rtentry$$00000004)
    .ARM.Collect$$rtentry$$00000009          0x00000164   Section        0  __rtentry2.o(.ARM.Collect$$rtentry$$00000009)
    .ARM.Collect$$rtentry$$0000000A          0x00000164   Section        4  __rtentry2.o(.ARM.Collect$$rtentry$$0000000A)
    .ARM.Collect$$rtentry$$0000000C          0x00000168   Section        0  __rtentry2.o(.ARM.Collect$$rtentry$$0000000C)
    .ARM.Collect$$rtentry$$0000000D          0x00000168   Section        8  __rtentry2.o(.ARM.Collect$$rtentry$$0000000D)
    .ARM.Collect$$rtexit$$00000000           0x00000170   Section        2  rtexit.o(.ARM.Collect$$rtexit$$00000000)
    .ARM.Collect$$rtexit$$00000002           0x00000172   Section        0  rtexit2.o(.ARM.Collect$$rtexit$$00000002)
    .ARM.Collect$$rtexit$$00000003           0x00000172   Section        4  rtexit2.o(.ARM.Collect$$rtexit$$00000003)
    .ARM.Collect$$rtexit$$00000004           0x00000176   Section        6  rtexit2.o(.ARM.Collect$$rtexit$$00000004)
    .emb_text                                0x0000017c   Section       28  retarget.o(.emb_text)
    .text                                    0x00000198   Section       96  startup_nano100series.o(.text)
    .text                                    0x000001f8   Section        0  noretval__2printf.o(.text)
    .text                                    0x00000214   Section        0  _printf_dec.o(.text)
    .text                                    0x00000280   Section        0  _printf_hex_int.o(.text)
    .text                                    0x000002d8   Section        0  __printf_wp.o(.text)
    .text                                    0x000003e6   Section        0  rt_memclr.o(.text)
    .text                                    0x00000426   Section      346  aeabi_sdiv.o(.text)
    .text                                    0x00000580   Section        0  heapauxi.o(.text)
    .text                                    0x00000588   Section        0  d2f.o(.text)
    .text                                    0x00000604   Section        0  f2d.o(.text)
    .text                                    0x00000658   Section        0  fdiv.o(.text)
    .text                                    0x000007b8   Section        0  ffixi.o(.text)
    .text                                    0x00000804   Section        0  fflti.o(.text)
    .text                                    0x00000862   Section        0  _rserrno.o(.text)
    .text                                    0x00000878   Section        0  _printf_intcommon.o(.text)
    .text                                    0x00000928   Section        0  _printf_char_file.o(.text)
    .text                                    0x00000950   Section        0  rtudiv10.o(.text)
    .text                                    0x00000978   Section        0  dsqrt.o(.text)
    .text                                    0x00000a78   Section        0  fcmpin.o(.text)
    .text                                    0x00000adc   Section        8  rt_errno_addr_intlibspace.o(.text)
    .text                                    0x00000ae4   Section        0  _printf_char_common.o(.text)
    _printf_input_char                       0x00000ae5   Thumb Code    10  _printf_char_common.o(.text)
    .text                                    0x00000b14   Section        0  cmpret.o(.text)
    .text                                    0x00000b44   Section        0  fnan2.o(.text)
    .text                                    0x00000b54   Section        8  libspace.o(.text)
    .text                                    0x00000b5c   Section       62  sys_stackheap_outer.o(.text)
    .text                                    0x00000b9a   Section        0  exit.o(.text)
    .text                                    0x00000baa   Section        0  retnan.o(.text)
    .text                                    0x00000c08   Section        0  sys_exit.o(.text)
    .text                                    0x00000c14   Section        2  use_no_semi.o(.text)
    .text                                    0x00000c16   Section        0  indicate_semi.o(.text)
    i.CLK_EnableModuleClock                  0x00000c18   Section        0  clk.o(i.CLK_EnableModuleClock)
    i.CLK_EnableXtalRC                       0x00000c3c   Section        0  clk.o(i.CLK_EnableXtalRC)
    i.CLK_GetHCLKFreq                        0x00000c88   Section        0  clk.o(i.CLK_GetHCLKFreq)
    i.CLK_GetPLLClockFreq                    0x00000c98   Section        0  clk.o(i.CLK_GetPLLClockFreq)
    i.CLK_SetHCLK                            0x00000d18   Section        0  clk.o(i.CLK_SetHCLK)
    i.CLK_SetModuleClock                     0x00000d7c   Section        0  clk.o(i.CLK_SetModuleClock)
    i.CLK_WaitClockReady                     0x00000de0   Section        0  clk.o(i.CLK_WaitClockReady)
    i.Hard_Fault_Handler                     0x00000e08   Section        0  retarget.o(i.Hard_Fault_Handler)
    __tagsym$$used                           0x00000e09   Number         0  retarget.o(i.Hard_Fault_Handler)
    i.MPU6050_getreg                         0x00000e34   Section        0  i2c.o(i.MPU6050_getreg)
    i.MPU6050_init                           0x00000eae   Section        0  i2c.o(i.MPU6050_init)
    i.MPU6050_setreg                         0x00000eda   Section        0  i2c.o(i.MPU6050_setreg)
    i.MPU6050_test                           0x00000f08   Section        0  i2c.o(i.MPU6050_test)
    i.SPI0_IRQHandler                        0x00001064   Section        0  rfoutput.o(i.SPI0_IRQHandler)
    i.SPI_EnableFIFO                         0x00001066   Section        0  spi.o(i.SPI_EnableFIFO)
    i.SPI_Open                               0x00001086   Section        0  spi.o(i.SPI_Open)
    i.SPI_SetBusClock                        0x000010a8   Section        0  spi.o(i.SPI_SetBusClock)
    i.SYS_UnlockReg                          0x00001154   Section        0  main.o(i.SYS_UnlockReg)
    SYS_UnlockReg                            0x00001155   Thumb Code    26  main.o(i.SYS_UnlockReg)
    i.SendChar                               0x00001174   Section        0  retarget.o(i.SendChar)
    i.SendChar_ToUART                        0x00001180   Section        0  retarget.o(i.SendChar_ToUART)
    i.SysGet_HCLKFreq                        0x0000119c   Section        0  system_nano100series.o(i.SysGet_HCLKFreq)
    i.SysGet_PLLClockFreq                    0x000011ec   Section        0  system_nano100series.o(i.SysGet_PLLClockFreq)
    i.SysTick_Handler                        0x0000126c   Section        0  main.o(i.SysTick_Handler)
    i.SystemCoreClockUpdate                  0x0000127c   Section        0  system_nano100series.o(i.SystemCoreClockUpdate)
    i.UART0_IRQHandler                       0x000012a8   Section        0  main.o(i.UART0_IRQHandler)
    i.UART_Open                              0x000012b8   Section        0  uart.o(i.UART_Open)
    i.__NVIC_SetPriority                     0x00001358   Section        0  main.o(i.__NVIC_SetPriority)
    __NVIC_SetPriority                       0x00001359   Thumb Code   110  main.o(i.__NVIC_SetPriority)
    i._is_digit                              0x000013d0   Section        0  __printf_wp.o(i._is_digit)
    i.delay                                  0x000013de   Section        0  i2c.o(i.delay)
    delay                                    0x000013df   Thumb Code    12  i2c.o(i.delay)
    i.delay_ms                               0x000013ec   Section        0  main.o(i.delay_ms)
    i.ferror                                 0x00001404   Section        0  retarget.o(i.ferror)
    i.fputc                                  0x0000140c   Section        0  retarget.o(i.fputc)
    i.i2c_read                               0x0000141c   Section        0  i2c.o(i.i2c_read)
    i.i2c_start                              0x000015a0   Section        0  i2c.o(i.i2c_start)
    i.i2c_stop                               0x00001624   Section        0  i2c.o(i.i2c_stop)
    i.i2c_write                              0x00001650   Section        0  i2c.o(i.i2c_write)
    i.init                                   0x00001790   Section        0  main.o(i.init)
    i.init_HCLK                              0x00001804   Section        0  main.o(i.init_HCLK)
    i.init_UART0                             0x00001830   Section        0  main.o(i.init_UART0)
    i.init_spi                               0x000018c8   Section        0  rfoutput.o(i.init_spi)
    i.main                                   0x0000198c   Section        0  main.o(i.main)
    i.nrf_config                             0x000019cc   Section        0  rfoutput.o(i.nrf_config)
    i.nrf_init                               0x00001b34   Section        0  rfoutput.o(i.nrf_init)
    i.nrf_output                             0x00001bb8   Section        0  rfoutput.o(i.nrf_output)
    i.spi                                    0x00001c5c   Section        0  rfoutput.o(i.spi)
    spi                                      0x00001c5d   Thumb Code    34  rfoutput.o(i.spi)
    i.spi_cmd                                0x00001c84   Section        0  rfoutput.o(i.spi_cmd)
    i.spi_getreg                             0x00001ca0   Section        0  rfoutput.o(i.spi_getreg)
    i.spi_setaddr                            0x00001cc8   Section        0  rfoutput.o(i.spi_setaddr)
    i.spi_setreg                             0x00001d14   Section        0  rfoutput.o(i.spi_setreg)
    i.sqrt                                   0x00001d3c   Section        0  sqrt.o(i.sqrt)
    i.stackDump                              0x00001d84   Section        0  retarget.o(i.stackDump)
    x$fpl$fadd                               0x00001e2c   Section      140  faddsub.o(x$fpl$fadd)
    _fadd1                                   0x00001e39   Thumb Code     0  faddsub.o(x$fpl$fadd)
    x$fpl$fmul                               0x00001eb8   Section      176  fmul.o(x$fpl$fmul)
    x$fpl$frleqf                             0x00001f68   Section       88  frlef.o(x$fpl$frleqf)
    x$fpl$fsub                               0x00001fc0   Section      208  faddsub.o(x$fpl$fsub)
    _fsub1                                   0x00001fcd   Thumb Code     0  faddsub.o(x$fpl$fsub)
    .constdata                               0x00002090   Section       20  main.o(.constdata)
    x$fpl$usenofp                            0x00002090   Section        0  usenofp.o(x$fpl$usenofp)
    .constdata                               0x000020a4   Section       48  uart.o(.constdata)
    .constdata                               0x000020d4   Section       40  _printf_hex_int.o(.constdata)
    uc_hextab                                0x000020d4   Data          20  _printf_hex_int.o(.constdata)
    lc_hextab                                0x000020e8   Data          20  _printf_hex_int.o(.constdata)
    .constdata                               0x000020fc   Section       64  fdiv.o(.constdata)
    fdiv_tab                                 0x000020fc   Data          64  fdiv.o(.constdata)
    .data                                    0x20000000   Section       48  main.o(.data)
    .data                                    0x20000030   Section       10  rfoutput.o(.data)
    _pw                                      0x20000038   Data           2  rfoutput.o(.data)
    .data                                    0x2000003c   Section       25  i2c.o(.data)
    .data                                    0x20000058   Section        8  retarget.o(.data)
    .data                                    0x20000060   Section        8  system_nano100series.o(.data)
    .bss                                     0x20000068   Section      112  i2c.o(.bss)
    .bss                                     0x200000d8   Section       96  libspace.o(.bss)
    HEAP                                     0x20000138   Section     1280  startup_nano100series.o(HEAP)
    Heap_Mem                                 0x20000138   Data        1280  startup_nano100series.o(HEAP)
    STACK                                    0x20000638   Section     1280  startup_nano100series.o(STACK)
    Stack_Mem                                0x20000638   Data        1280  startup_nano100series.o(STACK)
    __initial_sp                             0x20000b38   Data           0  startup_nano100series.o(STACK)

    Global Symbols

    Symbol Name                              Value     Ov Type        Size  Object(Section)

    BuildAttributes$$THM_ISAv3M$S$PE$A:L22$X:L11$S22$IEEE1$IW$USESV6$~STKCKD$USESV7$~SHL$OTIME$ROPI$IEEEJ$EBA8$UX$STANDARDLIB$REQ8$PRES8$EABIv2 0x00000000   Number         0  anon$$obj.o ABSOLUTE
    __ARM_use_no_argv                        0x00000000   Number         0  main.o ABSOLUTE
    __Vectors                                0x00000000   Data           4  startup_nano100series.o(RESET)
    _printf_flags                            0x00000000   Number         0  printf_stubs.o ABSOLUTE
    _printf_return_value                     0x00000000   Number         0  printf_stubs.o ABSOLUTE
    _printf_sizespec                         0x00000000   Number         0  printf_stubs.o ABSOLUTE
    _printf_widthprec                        0x00000000   Number         0  printf_stubs.o ABSOLUTE
    __ARM_exceptions_init                     - Undefined Weak Reference
    __alloca_initialize                       - Undefined Weak Reference
    __arm_preinit_                            - Undefined Weak Reference
    __cpp_initialize__aeabi_                  - Undefined Weak Reference
    __cxa_finalize                            - Undefined Weak Reference
    __rt_locale                               - Undefined Weak Reference
    __sigvec_lookup                           - Undefined Weak Reference
    _atexit_init                              - Undefined Weak Reference
    _call_atexit_fns                          - Undefined Weak Reference
    _clock_init                               - Undefined Weak Reference
    _fp_trap_init                             - Undefined Weak Reference
    _fp_trap_shutdown                         - Undefined Weak Reference
    _get_lc_collate                           - Undefined Weak Reference
    _get_lc_ctype                             - Undefined Weak Reference
    _get_lc_monetary                          - Undefined Weak Reference
    _get_lc_numeric                           - Undefined Weak Reference
    _get_lc_time                              - Undefined Weak Reference
    _getenv_init                              - Undefined Weak Reference
    _handle_redirection                       - Undefined Weak Reference
    _init_alloc                               - Undefined Weak Reference
    _init_user_alloc                          - Undefined Weak Reference
    _initio                                   - Undefined Weak Reference
    _printf_post_padding                      - Undefined Weak Reference
    _printf_pre_padding                       - Undefined Weak Reference
    _printf_truncate_signed                   - Undefined Weak Reference
    _printf_truncate_unsigned                 - Undefined Weak Reference
    _rand_init                                - Undefined Weak Reference
    _signal_finish                            - Undefined Weak Reference
    _signal_init                              - Undefined Weak Reference
    _terminate_alloc                          - Undefined Weak Reference
    _terminate_user_alloc                     - Undefined Weak Reference
    _terminateio                              - Undefined Weak Reference
    __main                                   0x000000c1   Thumb Code     8  __main.o(!!!main)
    __scatterload                            0x000000c9   Thumb Code     0  __scatter.o(!!!scatter)
    __scatterload_rt2                        0x000000c9   Thumb Code    52  __scatter.o(!!!scatter)
    __scatterload_rt2_thumb_only             0x000000c9   Thumb Code     0  __scatter.o(!!!scatter)
    __scatterload_null                       0x000000d9   Thumb Code     0  __scatter.o(!!!scatter)
    __scatterload_copy                       0x00000105   Thumb Code    26  __scatter_copy.o(!!handler_copy)
    __scatterload_zeroinit                   0x00000121   Thumb Code    28  __scatter_zi.o(!!handler_zi)
    _printf_percent                          0x0000013d   Thumb Code     0  _printf_percent.o(.ARM.Collect$$_printf_percent$$00000000)
    _printf_d                                0x0000013f   Thumb Code     0  _printf_d.o(.ARM.Collect$$_printf_percent$$00000009)
    _printf_x                                0x00000149   Thumb Code     0  _printf_x.o(.ARM.Collect$$_printf_percent$$0000000C)
    _printf_percent_end                      0x00000153   Thumb Code     0  _printf_percent_end.o(.ARM.Collect$$_printf_percent$$00000017)
    __rt_lib_init                            0x00000157   Thumb Code     0  libinit.o(.ARM.Collect$$libinit$$00000000)
    __rt_lib_init_alloca_1                   0x00000159   Thumb Code     0  libinit2.o(.ARM.Collect$$libinit$$0000002E)
    __rt_lib_init_argv_1                     0x00000159   Thumb Code     0  libinit2.o(.ARM.Collect$$libinit$$0000002C)
    __rt_lib_init_atexit_1                   0x00000159   Thumb Code     0  libinit2.o(.ARM.Collect$$libinit$$0000001B)
    __rt_lib_init_clock_1                    0x00000159   Thumb Code     0  libinit2.o(.ARM.Collect$$libinit$$00000021)
    __rt_lib_init_cpp_1                      0x00000159   Thumb Code     0  libinit2.o(.ARM.Collect$$libinit$$00000032)
    __rt_lib_init_exceptions_1               0x00000159   Thumb Code     0  libinit2.o(.ARM.Collect$$libinit$$00000030)
    __rt_lib_init_fp_1                       0x00000159   Thumb Code     0  libinit2.o(.ARM.Collect$$libinit$$00000002)
    __rt_lib_init_fp_trap_1                  0x00000159   Thumb Code     0  libinit2.o(.ARM.Collect$$libinit$$0000001F)
    __rt_lib_init_getenv_1                   0x00000159   Thumb Code     0  libinit2.o(.ARM.Collect$$libinit$$00000023)
    __rt_lib_init_heap_1                     0x00000159   Thumb Code     0  libinit2.o(.ARM.Collect$$libinit$$0000000A)
    __rt_lib_init_lc_collate_1               0x00000159   Thumb Code     0  libinit2.o(.ARM.Collect$$libinit$$00000011)
    __rt_lib_init_lc_ctype_1                 0x00000159   Thumb Code     0  libinit2.o(.ARM.Collect$$libinit$$00000013)
    __rt_lib_init_lc_monetary_1              0x00000159   Thumb Code     0  libinit2.o(.ARM.Collect$$libinit$$00000015)
    __rt_lib_init_lc_numeric_1               0x00000159   Thumb Code     0  libinit2.o(.ARM.Collect$$libinit$$00000017)
    __rt_lib_init_lc_time_1                  0x00000159   Thumb Code     0  libinit2.o(.ARM.Collect$$libinit$$00000019)
    __rt_lib_init_preinit_1                  0x00000159   Thumb Code     0  libinit2.o(.ARM.Collect$$libinit$$00000004)
    __rt_lib_init_rand_1                     0x00000159   Thumb Code     0  libinit2.o(.ARM.Collect$$libinit$$0000000E)
    __rt_lib_init_return                     0x00000159   Thumb Code     0  libinit2.o(.ARM.Collect$$libinit$$00000033)
    __rt_lib_init_signal_1                   0x00000159   Thumb Code     0  libinit2.o(.ARM.Collect$$libinit$$0000001D)
    __rt_lib_init_stdio_1                    0x00000159   Thumb Code     0  libinit2.o(.ARM.Collect$$libinit$$00000025)
    __rt_lib_init_user_alloc_1               0x00000159   Thumb Code     0  libinit2.o(.ARM.Collect$$libinit$$0000000C)
    __rt_lib_shutdown                        0x0000015b   Thumb Code     0  libshutdown.o(.ARM.Collect$$libshutdown$$00000000)
    __rt_lib_shutdown_cpp_1                  0x0000015d   Thumb Code     0  libshutdown2.o(.ARM.Collect$$libshutdown$$00000002)
    __rt_lib_shutdown_fp_trap_1              0x0000015d   Thumb Code     0  libshutdown2.o(.ARM.Collect$$libshutdown$$00000007)
    __rt_lib_shutdown_heap_1                 0x0000015d   Thumb Code     0  libshutdown2.o(.ARM.Collect$$libshutdown$$0000000F)
    __rt_lib_shutdown_return                 0x0000015d   Thumb Code     0  libshutdown2.o(.ARM.Collect$$libshutdown$$00000010)
    __rt_lib_shutdown_signal_1               0x0000015d   Thumb Code     0  libshutdown2.o(.ARM.Collect$$libshutdown$$0000000A)
    __rt_lib_shutdown_stdio_1                0x0000015d   Thumb Code     0  libshutdown2.o(.ARM.Collect$$libshutdown$$00000004)
    __rt_lib_shutdown_user_alloc_1           0x0000015d   Thumb Code     0  libshutdown2.o(.ARM.Collect$$libshutdown$$0000000C)
    __rt_entry                               0x0000015f   Thumb Code     0  __rtentry.o(.ARM.Collect$$rtentry$$00000000)
    __rt_entry_presh_1                       0x0000015f   Thumb Code     0  __rtentry2.o(.ARM.Collect$$rtentry$$00000002)
    __rt_entry_sh                            0x0000015f   Thumb Code     0  __rtentry4.o(.ARM.Collect$$rtentry$$00000004)
    __rt_entry_li                            0x00000165   Thumb Code     0  __rtentry2.o(.ARM.Collect$$rtentry$$0000000A)
    __rt_entry_postsh_1                      0x00000165   Thumb Code     0  __rtentry2.o(.ARM.Collect$$rtentry$$00000009)
    __rt_entry_main                          0x00000169   Thumb Code     0  __rtentry2.o(.ARM.Collect$$rtentry$$0000000D)
    __rt_entry_postli_1                      0x00000169   Thumb Code     0  __rtentry2.o(.ARM.Collect$$rtentry$$0000000C)
    __rt_exit                                0x00000171   Thumb Code     0  rtexit.o(.ARM.Collect$$rtexit$$00000000)
    __rt_exit_ls                             0x00000173   Thumb Code     0  rtexit2.o(.ARM.Collect$$rtexit$$00000003)
    __rt_exit_prels_1                        0x00000173   Thumb Code     0  rtexit2.o(.ARM.Collect$$rtexit$$00000002)
    __rt_exit_exit                           0x00000177   Thumb Code     0  rtexit2.o(.ARM.Collect$$rtexit$$00000004)
    HardFault_Handler                        0x0000017d   Thumb Code    24  retarget.o(.emb_text)
    Reset_Handler                            0x00000199   Thumb Code    28  startup_nano100series.o(.text)
    NMI_Handler                              0x000001b5   Thumb Code     2  startup_nano100series.o(.text)
    SVC_Handler                              0x000001b9   Thumb Code     2  startup_nano100series.o(.text)
    PendSV_Handler                           0x000001bb   Thumb Code     2  startup_nano100series.o(.text)
    ADC_IRQHandler                           0x000001bf   Thumb Code     0  startup_nano100series.o(.text)
    BOD_IRQHandler                           0x000001bf   Thumb Code     0  startup_nano100series.o(.text)
    DAC_IRQHandler                           0x000001bf   Thumb Code     0  startup_nano100series.o(.text)
    EINT0_IRQHandler                         0x000001bf   Thumb Code     0  startup_nano100series.o(.text)
    EINT1_IRQHandler                         0x000001bf   Thumb Code     0  startup_nano100series.o(.text)
    GPABC_IRQHandler                         0x000001bf   Thumb Code     0  startup_nano100series.o(.text)
    GPDEF_IRQHandler                         0x000001bf   Thumb Code     0  startup_nano100series.o(.text)
    HIRC_IRQHandler                          0x000001bf   Thumb Code     0  startup_nano100series.o(.text)
    I2C0_IRQHandler                          0x000001bf   Thumb Code     0  startup_nano100series.o(.text)
    I2C1_IRQHandler                          0x000001bf   Thumb Code     0  startup_nano100series.o(.text)
    I2S_IRQHandler                           0x000001bf   Thumb Code     0  startup_nano100series.o(.text)
    LCD_IRQHandler                           0x000001bf   Thumb Code     0  startup_nano100series.o(.text)
    PDMA_IRQHandler                          0x000001bf   Thumb Code     0  startup_nano100series.o(.text)
    PDWU_IRQHandler                          0x000001bf   Thumb Code     0  startup_nano100series.o(.text)
    PWM0_IRQHandler                          0x000001bf   Thumb Code     0  startup_nano100series.o(.text)
    PWM1_IRQHandler                          0x000001bf   Thumb Code     0  startup_nano100series.o(.text)
    RTC_IRQHandler                           0x000001bf   Thumb Code     0  startup_nano100series.o(.text)
    SC0_IRQHandler                           0x000001bf   Thumb Code     0  startup_nano100series.o(.text)
    SC1_IRQHandler                           0x000001bf   Thumb Code     0  startup_nano100series.o(.text)
    SC2_IRQHandler                           0x000001bf   Thumb Code     0  startup_nano100series.o(.text)
    SPI1_IRQHandler                          0x000001bf   Thumb Code     0  startup_nano100series.o(.text)
    SPI2_IRQHandler                          0x000001bf   Thumb Code     0  startup_nano100series.o(.text)
    TMR0_IRQHandler                          0x000001bf   Thumb Code     0  startup_nano100series.o(.text)
    TMR1_IRQHandler                          0x000001bf   Thumb Code     0  startup_nano100series.o(.text)
    TMR2_IRQHandler                          0x000001bf   Thumb Code     0  startup_nano100series.o(.text)
    TMR3_IRQHandler                          0x000001bf   Thumb Code     0  startup_nano100series.o(.text)
    UART1_IRQHandler                         0x000001bf   Thumb Code     0  startup_nano100series.o(.text)
    USBD_IRQHandler                          0x000001bf   Thumb Code     0  startup_nano100series.o(.text)
    WDT_IRQHandler                           0x000001bf   Thumb Code     0  startup_nano100series.o(.text)
    __user_initial_stackheap                 0x000001c1   Thumb Code     0  startup_nano100series.o(.text)
    __2printf                                0x000001f9   Thumb Code    22  noretval__2printf.o(.text)
    _printf_int_dec                          0x00000215   Thumb Code    90  _printf_dec.o(.text)
    _printf_int_hex                          0x00000281   Thumb Code    84  _printf_hex_int.o(.text)
    _printf_longlong_hex                     0x00000281   Thumb Code     0  _printf_hex_int.o(.text)
    __printf                                 0x000002d9   Thumb Code   270  __printf_wp.o(.text)
    _memset_w                                0x000003e7   Thumb Code    26  rt_memclr.o(.text)
    _memset                                  0x00000401   Thumb Code    30  rt_memclr.o(.text)
    __aeabi_memclr                           0x0000041f   Thumb Code     4  rt_memclr.o(.text)
    __rt_memclr                              0x0000041f   Thumb Code     0  rt_memclr.o(.text)
    __aeabi_memclr4                          0x00000423   Thumb Code     0  rt_memclr.o(.text)
    __aeabi_memclr8                          0x00000423   Thumb Code     0  rt_memclr.o(.text)
    __rt_memclr_w                            0x00000423   Thumb Code     4  rt_memclr.o(.text)
    __aeabi_uidiv                            0x00000427   Thumb Code     0  aeabi_sdiv.o(.text)
    __aeabi_uidivmod                         0x00000427   Thumb Code    20  aeabi_sdiv.o(.text)
    __aeabi_idiv                             0x0000043b   Thumb Code     0  aeabi_sdiv.o(.text)
    __aeabi_idivmod                          0x0000043b   Thumb Code   326  aeabi_sdiv.o(.text)
    __use_two_region_memory                  0x00000581   Thumb Code     2  heapauxi.o(.text)
    __rt_heap_escrow$2region                 0x00000583   Thumb Code     2  heapauxi.o(.text)
    __rt_heap_expand$2region                 0x00000585   Thumb Code     2  heapauxi.o(.text)
    __aeabi_d2f                              0x00000589   Thumb Code     0  d2f.o(.text)
    _d2f                                     0x00000589   Thumb Code   120  d2f.o(.text)
    __aeabi_f2d                              0x00000605   Thumb Code     0  f2d.o(.text)
    _f2d                                     0x00000605   Thumb Code    80  f2d.o(.text)
    __aeabi_fdiv                             0x00000659   Thumb Code     0  fdiv.o(.text)
    _fdiv                                    0x00000659   Thumb Code   334  fdiv.o(.text)
    _frdiv                                   0x000007a7   Thumb Code     8  fdiv.o(.text)
    __aeabi_f2iz                             0x000007b9   Thumb Code     0  ffixi.o(.text)
    _ffix                                    0x000007b9   Thumb Code    76  ffixi.o(.text)
    __aeabi_i2f_normalise                    0x00000805   Thumb Code    72  fflti.o(.text)
    __aeabi_i2f                              0x0000084d   Thumb Code    16  fflti.o(.text)
    _fflt                                    0x0000084d   Thumb Code     0  fflti.o(.text)
    __aeabi_ui2f                             0x0000085d   Thumb Code     6  fflti.o(.text)
    _ffltu                                   0x0000085d   Thumb Code     0  fflti.o(.text)
    __read_errno                             0x00000863   Thumb Code    10  _rserrno.o(.text)
    __set_errno                              0x0000086d   Thumb Code    12  _rserrno.o(.text)
    _printf_int_common                       0x00000879   Thumb Code   176  _printf_intcommon.o(.text)
    _printf_char_file                        0x00000929   Thumb Code    34  _printf_char_file.o(.text)
    __rt_udiv10                              0x00000951   Thumb Code    40  rtudiv10.o(.text)
    _dsqrt                                   0x00000979   Thumb Code   248  dsqrt.o(.text)
    __fpl_fcmp_InfNaN                        0x00000a79   Thumb Code    96  fcmpin.o(.text)
    __aeabi_errno_addr                       0x00000add   Thumb Code     8  rt_errno_addr_intlibspace.o(.text)
    __errno$intlibspace                      0x00000add   Thumb Code     0  rt_errno_addr_intlibspace.o(.text)
    __rt_errno_addr$intlibspace              0x00000add   Thumb Code     0  rt_errno_addr_intlibspace.o(.text)
    _printf_char_common                      0x00000aef   Thumb Code    32  _printf_char_common.o(.text)
    __fpl_cmpreturn                          0x00000b15   Thumb Code    46  cmpret.o(.text)
    __fpl_fcheck_NaN2                        0x00000b45   Thumb Code    10  fnan2.o(.text)
    __user_libspace                          0x00000b55   Thumb Code     8  libspace.o(.text)
    __user_perproc_libspace                  0x00000b55   Thumb Code     0  libspace.o(.text)
    __user_perthread_libspace                0x00000b55   Thumb Code     0  libspace.o(.text)
    __user_setup_stackheap                   0x00000b5d   Thumb Code    62  sys_stackheap_outer.o(.text)
    exit                                     0x00000b9b   Thumb Code    16  exit.o(.text)
    __fpl_return_NaN                         0x00000bab   Thumb Code    94  retnan.o(.text)
    _sys_exit                                0x00000c09   Thumb Code     8  sys_exit.o(.text)
    __I$use$semihosting                      0x00000c15   Thumb Code     0  use_no_semi.o(.text)
    __use_no_semihosting_swi                 0x00000c15   Thumb Code     2  use_no_semi.o(.text)
    __semihosting_library_function           0x00000c17   Thumb Code     0  indicate_semi.o(.text)
    CLK_EnableModuleClock                    0x00000c19   Thumb Code    32  clk.o(i.CLK_EnableModuleClock)
    CLK_EnableXtalRC                         0x00000c3d   Thumb Code    72  clk.o(i.CLK_EnableXtalRC)
    CLK_GetHCLKFreq                          0x00000c89   Thumb Code    12  clk.o(i.CLK_GetHCLKFreq)
    CLK_GetPLLClockFreq                      0x00000c99   Thumb Code   120  clk.o(i.CLK_GetPLLClockFreq)
    CLK_SetHCLK                              0x00000d19   Thumb Code    94  clk.o(i.CLK_SetHCLK)
    CLK_SetModuleClock                       0x00000d7d   Thumb Code    94  clk.o(i.CLK_SetModuleClock)
    CLK_WaitClockReady                       0x00000de1   Thumb Code    32  clk.o(i.CLK_WaitClockReady)
    Hard_Fault_Handler                       0x00000e09   Thumb Code    18  retarget.o(i.Hard_Fault_Handler)
    MPU6050_getreg                           0x00000e35   Thumb Code   122  i2c.o(i.MPU6050_getreg)
    MPU6050_init                             0x00000eaf   Thumb Code    44  i2c.o(i.MPU6050_init)
    MPU6050_setreg                           0x00000edb   Thumb Code    46  i2c.o(i.MPU6050_setreg)
    MPU6050_test                             0x00000f09   Thumb Code   296  i2c.o(i.MPU6050_test)
    SPI0_IRQHandler                          0x00001065   Thumb Code     2  rfoutput.o(i.SPI0_IRQHandler)
    SPI_EnableFIFO                           0x00001067   Thumb Code    32  spi.o(i.SPI_EnableFIFO)
    SPI_Open                                 0x00001087   Thumb Code    34  spi.o(i.SPI_Open)
    SPI_SetBusClock                          0x000010a9   Thumb Code   158  spi.o(i.SPI_SetBusClock)
    SendChar                                 0x00001175   Thumb Code    12  retarget.o(i.SendChar)
    SendChar_ToUART                          0x00001181   Thumb Code    22  retarget.o(i.SendChar_ToUART)
    SysGet_HCLKFreq                          0x0000119d   Thumb Code    68  system_nano100series.o(i.SysGet_HCLKFreq)
    SysGet_PLLClockFreq                      0x000011ed   Thumb Code   120  system_nano100series.o(i.SysGet_PLLClockFreq)
    SysTick_Handler                          0x0000126d   Thumb Code    12  main.o(i.SysTick_Handler)
    SystemCoreClockUpdate                    0x0000127d   Thumb Code    30  system_nano100series.o(i.SystemCoreClockUpdate)
    UART0_IRQHandler                         0x000012a9   Thumb Code    10  main.o(i.UART0_IRQHandler)
    UART_Open                                0x000012b9   Thumb Code   146  uart.o(i.UART_Open)
    _is_digit                                0x000013d1   Thumb Code    14  __printf_wp.o(i._is_digit)
    delay_ms                                 0x000013ed   Thumb Code    18  main.o(i.delay_ms)
    ferror                                   0x00001405   Thumb Code     8  retarget.o(i.ferror)
    fputc                                    0x0000140d   Thumb Code    16  retarget.o(i.fputc)
    i2c_read                                 0x0000141d   Thumb Code   384  i2c.o(i.i2c_read)
    i2c_start                                0x000015a1   Thumb Code   122  i2c.o(i.i2c_start)
    i2c_stop                                 0x00001625   Thumb Code    40  i2c.o(i.i2c_stop)
    i2c_write                                0x00001651   Thumb Code   310  i2c.o(i.i2c_write)
    init                                     0x00001791   Thumb Code    94  main.o(i.init)
    init_HCLK                                0x00001805   Thumb Code    38  main.o(i.init_HCLK)
    init_UART0                               0x00001831   Thumb Code   134  main.o(i.init_UART0)
    init_spi                                 0x000018c9   Thumb Code   182  rfoutput.o(i.init_spi)
    main                                     0x0000198d   Thumb Code    58  main.o(i.main)
    nrf_config                               0x000019cd   Thumb Code   322  rfoutput.o(i.nrf_config)
    nrf_init                                 0x00001b35   Thumb Code   104  rfoutput.o(i.nrf_init)
    nrf_output                               0x00001bb9   Thumb Code   156  rfoutput.o(i.nrf_output)
    spi_cmd                                  0x00001c85   Thumb Code    24  rfoutput.o(i.spi_cmd)
    spi_getreg                               0x00001ca1   Thumb Code    34  rfoutput.o(i.spi_getreg)
    spi_setaddr                              0x00001cc9   Thumb Code    70  rfoutput.o(i.spi_setaddr)
    spi_setreg                               0x00001d15   Thumb Code    36  rfoutput.o(i.spi_setreg)
    sqrt                                     0x00001d3d   Thumb Code    66  sqrt.o(i.sqrt)
    stackDump                                0x00001d85   Thumb Code    70  retarget.o(i.stackDump)
    __aeabi_fadd                             0x00001e2d   Thumb Code     0  faddsub.o(x$fpl$fadd)
    _fadd                                    0x00001e2d   Thumb Code   134  faddsub.o(x$fpl$fadd)
    __aeabi_fmul                             0x00001eb9   Thumb Code     0  fmul.o(x$fpl$fmul)
    _fmul                                    0x00001eb9   Thumb Code   172  fmul.o(x$fpl$fmul)
    __aeabi_cfrcmple                         0x00001f69   Thumb Code     0  frlef.o(x$fpl$frleqf)
    _frcmple                                 0x00001f69   Thumb Code    84  frlef.o(x$fpl$frleqf)
    __aeabi_fsub                             0x00001fc1   Thumb Code     0  faddsub.o(x$fpl$fsub)
    _fsub                                    0x00001fc1   Thumb Code   204  faddsub.o(x$fpl$fsub)
    __I$use$fp                               0x00002090   Number         0  usenofp.o(x$fpl$usenofp)
    Region$$Table$$Base                      0x0000213c   Number         0  anon$$obj.o(Region$$Table)
    Region$$Table$$Limit                     0x0000215c   Number         0  anon$$obj.o(Region$$Table)
    tick                                     0x20000000   Data           4  main.o(.data)
    sta                                      0x20000004   Data           1  main.o(.data)
    i                                        0x20000008   Data           4  main.o(.data)
    ax                                       0x2000000c   Data           4  main.o(.data)
    ay                                       0x20000010   Data           4  main.o(.data)
    az                                       0x20000014   Data           4  main.o(.data)
    gx                                       0x20000018   Data           4  main.o(.data)
    gy                                       0x2000001c   Data           4  main.o(.data)
    gz                                       0x20000020   Data           4  main.o(.data)
    D                                        0x20000024   Data           4  main.o(.data)
    oldD                                     0x20000028   Data           4  main.o(.data)
    dif                                      0x2000002c   Data           4  main.o(.data)
    aa                                       0x20000030   Data           1  rfoutput.o(.data)
    us                                       0x20000031   Data           1  rfoutput.o(.data)
    rt                                       0x20000032   Data           1  rfoutput.o(.data)
    ch                                       0x20000033   Data           1  rfoutput.o(.data)
    bps                                      0x20000034   Data           1  rfoutput.o(.data)
    dbm                                      0x20000035   Data           1  rfoutput.o(.data)
    pw                                       0x20000036   Data           1  rfoutput.o(.data)
    nak                                      0x20000037   Data           1  rfoutput.o(.data)
    x                                        0x2000003c   Data           4  i2c.o(.data)
    y                                        0x20000040   Data           4  i2c.o(.data)
    z                                        0x20000044   Data           4  i2c.o(.data)
    d                                        0x20000048   Data           4  i2c.o(.data)
    ai                                       0x2000004c   Data           4  i2c.o(.data)
    sum                                      0x20000050   Data           4  i2c.o(.data)
    msta                                     0x20000054   Data           1  i2c.o(.data)
    __stdout                                 0x20000058   Data           4  retarget.o(.data)
    __stdin                                  0x2000005c   Data           4  retarget.o(.data)
    SystemCoreClock                          0x20000060   Data           4  system_nano100series.o(.data)
    CyclesPerUs                              0x20000064   Data           4  system_nano100series.o(.data)
    mp                                       0x20000068   Data          14  i2c.o(.bss)
    ar                                       0x20000078   Data          96  i2c.o(.bss)
    __libspace_start                         0x200000d8   Data          96  libspace.o(.bss)
    __temporary_stack_top$libspace           0x20000138   Data           0  libspace.o(.bss)



==============================================================================

Memory Map of the image

  Image Entry point : 0x00000199

  Load Region LR_1 (Base: 0x00000000, Size: 0x000021c4, Max: 0xffffffff, ABSOLUTE)

    Execution Region ER_RO (Exec base: 0x00000000, Load base: 0x00000000, Size: 0x0000215c, Max: 0xffffffff, ABSOLUTE)

    Exec Addr    Load Addr    Size         Type   Attr      Idx    E Section Name        Object

    0x00000000   0x00000000   0x000000c0   Data   RO          819    RESET               startup_nano100series.o
    0x000000c0   0x000000c0   0x00000008   Code   RO         1027  * !!!main             c_p.l(__main.o)
    0x000000c8   0x000000c8   0x0000003c   Code   RO         1258    !!!scatter          c_p.l(__scatter.o)
    0x00000104   0x00000104   0x0000001a   Code   RO         1260    !!handler_copy      c_p.l(__scatter_copy.o)
    0x0000011e   0x0000011e   0x00000002   PAD
    0x00000120   0x00000120   0x0000001c   Code   RO         1262    !!handler_zi        c_p.l(__scatter_zi.o)
    0x0000013c   0x0000013c   0x00000002   Code   RO         1018    .ARM.Collect$$_printf_percent$$00000000  c_p.l(_printf_percent.o)
    0x0000013e   0x0000013e   0x0000000a   Code   RO         1017    .ARM.Collect$$_printf_percent$$00000009  c_p.l(_printf_d.o)
    0x00000148   0x00000148   0x0000000a   Code   RO         1016    .ARM.Collect$$_printf_percent$$0000000C  c_p.l(_printf_x.o)
    0x00000152   0x00000152   0x00000004   Code   RO         1069    .ARM.Collect$$_printf_percent$$00000017  c_p.l(_printf_percent_end.o)
    0x00000156   0x00000156   0x00000002   Code   RO         1128    .ARM.Collect$$libinit$$00000000  c_p.l(libinit.o)
    0x00000158   0x00000158   0x00000000   Code   RO         1143    .ARM.Collect$$libinit$$00000002  c_p.l(libinit2.o)
    0x00000158   0x00000158   0x00000000   Code   RO         1145    .ARM.Collect$$libinit$$00000004  c_p.l(libinit2.o)
    0x00000158   0x00000158   0x00000000   Code   RO         1148    .ARM.Collect$$libinit$$0000000A  c_p.l(libinit2.o)
    0x00000158   0x00000158   0x00000000   Code   RO         1150    .ARM.Collect$$libinit$$0000000C  c_p.l(libinit2.o)
    0x00000158   0x00000158   0x00000000   Code   RO         1152    .ARM.Collect$$libinit$$0000000E  c_p.l(libinit2.o)
    0x00000158   0x00000158   0x00000000   Code   RO         1155    .ARM.Collect$$libinit$$00000011  c_p.l(libinit2.o)
    0x00000158   0x00000158   0x00000000   Code   RO         1157    .ARM.Collect$$libinit$$00000013  c_p.l(libinit2.o)
    0x00000158   0x00000158   0x00000000   Code   RO         1159    .ARM.Collect$$libinit$$00000015  c_p.l(libinit2.o)
    0x00000158   0x00000158   0x00000000   Code   RO         1161    .ARM.Collect$$libinit$$00000017  c_p.l(libinit2.o)
    0x00000158   0x00000158   0x00000000   Code   RO         1163    .ARM.Collect$$libinit$$00000019  c_p.l(libinit2.o)
    0x00000158   0x00000158   0x00000000   Code   RO         1165    .ARM.Collect$$libinit$$0000001B  c_p.l(libinit2.o)
    0x00000158   0x00000158   0x00000000   Code   RO         1167    .ARM.Collect$$libinit$$0000001D  c_p.l(libinit2.o)
    0x00000158   0x00000158   0x00000000   Code   RO         1169    .ARM.Collect$$libinit$$0000001F  c_p.l(libinit2.o)
    0x00000158   0x00000158   0x00000000   Code   RO         1171    .ARM.Collect$$libinit$$00000021  c_p.l(libinit2.o)
    0x00000158   0x00000158   0x00000000   Code   RO         1173    .ARM.Collect$$libinit$$00000023  c_p.l(libinit2.o)
    0x00000158   0x00000158   0x00000000   Code   RO         1175    .ARM.Collect$$libinit$$00000025  c_p.l(libinit2.o)
    0x00000158   0x00000158   0x00000000   Code   RO         1179    .ARM.Collect$$libinit$$0000002C  c_p.l(libinit2.o)
    0x00000158   0x00000158   0x00000000   Code   RO         1181    .ARM.Collect$$libinit$$0000002E  c_p.l(libinit2.o)
    0x00000158   0x00000158   0x00000000   Code   RO         1183    .ARM.Collect$$libinit$$00000030  c_p.l(libinit2.o)
    0x00000158   0x00000158   0x00000000   Code   RO         1185    .ARM.Collect$$libinit$$00000032  c_p.l(libinit2.o)
    0x00000158   0x00000158   0x00000002   Code   RO         1186    .ARM.Collect$$libinit$$00000033  c_p.l(libinit2.o)
    0x0000015a   0x0000015a   0x00000002   Code   RO         1215    .ARM.Collect$$libshutdown$$00000000  c_p.l(libshutdown.o)
    0x0000015c   0x0000015c   0x00000000   Code   RO         1241    .ARM.Collect$$libshutdown$$00000002  c_p.l(libshutdown2.o)
    0x0000015c   0x0000015c   0x00000000   Code   RO         1243    .ARM.Collect$$libshutdown$$00000004  c_p.l(libshutdown2.o)
    0x0000015c   0x0000015c   0x00000000   Code   RO         1246    .ARM.Collect$$libshutdown$$00000007  c_p.l(libshutdown2.o)
    0x0000015c   0x0000015c   0x00000000   Code   RO         1249    .ARM.Collect$$libshutdown$$0000000A  c_p.l(libshutdown2.o)
    0x0000015c   0x0000015c   0x00000000   Code   RO         1251    .ARM.Collect$$libshutdown$$0000000C  c_p.l(libshutdown2.o)
    0x0000015c   0x0000015c   0x00000000   Code   RO         1254    .ARM.Collect$$libshutdown$$0000000F  c_p.l(libshutdown2.o)
    0x0000015c   0x0000015c   0x00000002   Code   RO         1255    .ARM.Collect$$libshutdown$$00000010  c_p.l(libshutdown2.o)
    0x0000015e   0x0000015e   0x00000000   Code   RO         1058    .ARM.Collect$$rtentry$$00000000  c_p.l(__rtentry.o)
    0x0000015e   0x0000015e   0x00000000   Code   RO         1080    .ARM.Collect$$rtentry$$00000002  c_p.l(__rtentry2.o)
    0x0000015e   0x0000015e   0x00000006   Code   RO         1092    .ARM.Collect$$rtentry$$00000004  c_p.l(__rtentry4.o)
    0x00000164   0x00000164   0x00000000   Code   RO         1082    .ARM.Collect$$rtentry$$00000009  c_p.l(__rtentry2.o)
    0x00000164   0x00000164   0x00000004   Code   RO         1083    .ARM.Collect$$rtentry$$0000000A  c_p.l(__rtentry2.o)
    0x00000168   0x00000168   0x00000000   Code   RO         1085    .ARM.Collect$$rtentry$$0000000C  c_p.l(__rtentry2.o)
    0x00000168   0x00000168   0x00000008   Code   RO         1086    .ARM.Collect$$rtentry$$0000000D  c_p.l(__rtentry2.o)
    0x00000170   0x00000170   0x00000002   Code   RO         1134    .ARM.Collect$$rtexit$$00000000  c_p.l(rtexit.o)
    0x00000172   0x00000172   0x00000000   Code   RO         1190    .ARM.Collect$$rtexit$$00000002  c_p.l(rtexit2.o)
    0x00000172   0x00000172   0x00000004   Code   RO         1191    .ARM.Collect$$rtexit$$00000003  c_p.l(rtexit2.o)
    0x00000176   0x00000176   0x00000006   Code   RO         1192    .ARM.Collect$$rtexit$$00000004  c_p.l(rtexit2.o)
    0x0000017c   0x0000017c   0x0000001c   Code   RO          703    .emb_text           retarget.o
    0x00000198   0x00000198   0x00000060   Code   RO          820  * .text               startup_nano100series.o
    0x000001f8   0x000001f8   0x0000001c   Code   RO          969    .text               c_p.l(noretval__2printf.o)
    0x00000214   0x00000214   0x0000006c   Code   RO          973    .text               c_p.l(_printf_dec.o)
    0x00000280   0x00000280   0x00000058   Code   RO          978    .text               c_p.l(_printf_hex_int.o)
    0x000002d8   0x000002d8   0x0000010e   Code   RO         1004    .text               c_p.l(__printf_wp.o)
    0x000003e6   0x000003e6   0x00000040   Code   RO         1019    .text               c_p.l(rt_memclr.o)
    0x00000426   0x00000426   0x0000015a   Code   RO         1021    .text               c_p.l(aeabi_sdiv.o)
    0x00000580   0x00000580   0x00000006   Code   RO         1025    .text               c_p.l(heapauxi.o)
    0x00000586   0x00000586   0x00000002   PAD
    0x00000588   0x00000588   0x0000007c   Code   RO         1029    .text               fz_ps.l(d2f.o)
    0x00000604   0x00000604   0x00000054   Code   RO         1031    .text               fz_ps.l(f2d.o)
    0x00000658   0x00000658   0x00000160   Code   RO         1039    .text               fz_ps.l(fdiv.o)
    0x000007b8   0x000007b8   0x0000004c   Code   RO         1042    .text               fz_ps.l(ffixi.o)
    0x00000804   0x00000804   0x0000005e   Code   RO         1044    .text               fz_ps.l(fflti.o)
    0x00000862   0x00000862   0x00000016   Code   RO         1063    .text               c_p.l(_rserrno.o)
    0x00000878   0x00000878   0x000000b0   Code   RO         1065    .text               c_p.l(_printf_intcommon.o)
    0x00000928   0x00000928   0x00000028   Code   RO         1067    .text               c_p.l(_printf_char_file.o)
    0x00000950   0x00000950   0x00000028   Code   RO         1070    .text               c_p.l(rtudiv10.o)
    0x00000978   0x00000978   0x00000100   Code   RO         1074    .text               fz_ps.l(dsqrt.o)
    0x00000a78   0x00000a78   0x00000064   Code   RO         1076    .text               fz_ps.l(fcmpin.o)
    0x00000adc   0x00000adc   0x00000008   Code   RO         1099    .text               c_p.l(rt_errno_addr_intlibspace.o)
    0x00000ae4   0x00000ae4   0x00000030   Code   RO         1101    .text               c_p.l(_printf_char_common.o)
    0x00000b14   0x00000b14   0x0000002e   Code   RO         1103    .text               fz_ps.l(cmpret.o)
    0x00000b42   0x00000b42   0x00000002   PAD
    0x00000b44   0x00000b44   0x00000010   Code   RO         1107    .text               fz_ps.l(fnan2.o)
    0x00000b54   0x00000b54   0x00000008   Code   RO         1109    .text               c_p.l(libspace.o)
    0x00000b5c   0x00000b5c   0x0000003e   Code   RO         1112    .text               c_p.l(sys_stackheap_outer.o)
    0x00000b9a   0x00000b9a   0x00000010   Code   RO         1117    .text               c_p.l(exit.o)
    0x00000baa   0x00000baa   0x0000005e   Code   RO         1131    .text               fz_ps.l(retnan.o)
    0x00000c08   0x00000c08   0x0000000c   Code   RO         1187    .text               c_p.l(sys_exit.o)
    0x00000c14   0x00000c14   0x00000002   Code   RO         1204    .text               c_p.l(use_no_semi.o)
    0x00000c16   0x00000c16   0x00000000   Code   RO         1206    .text               c_p.l(indicate_semi.o)
    0x00000c16   0x00000c16   0x00000002   PAD
    0x00000c18   0x00000c18   0x00000024   Code   RO          353    i.CLK_EnableModuleClock  clk.o
    0x00000c3c   0x00000c3c   0x0000004c   Code   RO          356    i.CLK_EnableXtalRC  clk.o
    0x00000c88   0x00000c88   0x00000010   Code   RO          358    i.CLK_GetHCLKFreq   clk.o
    0x00000c98   0x00000c98   0x00000080   Code   RO          361    i.CLK_GetPLLClockFreq  clk.o
    0x00000d18   0x00000d18   0x00000064   Code   RO          365    i.CLK_SetHCLK       clk.o
    0x00000d7c   0x00000d7c   0x00000064   Code   RO          366    i.CLK_SetModuleClock  clk.o
    0x00000de0   0x00000de0   0x00000028   Code   RO          368    i.CLK_WaitClockReady  clk.o
    0x00000e08   0x00000e08   0x0000002c   Code   RO          705    i.Hard_Fault_Handler  retarget.o
    0x00000e34   0x00000e34   0x0000007a   Code   RO          269    i.MPU6050_getreg    i2c.o
    0x00000eae   0x00000eae   0x0000002c   Code   RO          270    i.MPU6050_init      i2c.o
    0x00000eda   0x00000eda   0x0000002e   Code   RO          271    i.MPU6050_setreg    i2c.o
    0x00000f08   0x00000f08   0x0000015c   Code   RO          272    i.MPU6050_test      i2c.o
    0x00001064   0x00001064   0x00000002   Code   RO          181    i.SPI0_IRQHandler   rfoutput.o
    0x00001066   0x00001066   0x00000020   Code   RO          502    i.SPI_EnableFIFO    spi.o
    0x00001086   0x00001086   0x00000022   Code   RO          506    i.SPI_Open          spi.o
    0x000010a8   0x000010a8   0x000000ac   Code   RO          507    i.SPI_SetBusClock   spi.o
    0x00001154   0x00001154   0x00000020   Code   RO            3    i.SYS_UnlockReg     main.o
    0x00001174   0x00001174   0x0000000c   Code   RO          707    i.SendChar          retarget.o
    0x00001180   0x00001180   0x0000001c   Code   RO          708    i.SendChar_ToUART   retarget.o
    0x0000119c   0x0000119c   0x00000050   Code   RO          826    i.SysGet_HCLKFreq   system_nano100series.o
    0x000011ec   0x000011ec   0x00000080   Code   RO          827    i.SysGet_PLLClockFreq  system_nano100series.o
    0x0000126c   0x0000126c   0x00000010   Code   RO            4    i.SysTick_Handler   main.o
    0x0000127c   0x0000127c   0x0000002c   Code   RO          828    i.SystemCoreClockUpdate  system_nano100series.o
    0x000012a8   0x000012a8   0x00000010   Code   RO            5    i.UART0_IRQHandler  main.o
    0x000012b8   0x000012b8   0x000000a0   Code   RO          870    i.UART_Open         uart.o
    0x00001358   0x00001358   0x00000078   Code   RO            6    i.__NVIC_SetPriority  main.o
    0x000013d0   0x000013d0   0x0000000e   Code   RO         1006    i._is_digit         c_p.l(__printf_wp.o)
    0x000013de   0x000013de   0x0000000c   Code   RO          273    i.delay             i2c.o
    0x000013ea   0x000013ea   0x00000002   PAD
    0x000013ec   0x000013ec   0x00000018   Code   RO            7    i.delay_ms          main.o
    0x00001404   0x00001404   0x00000008   Code   RO          710    i.ferror            retarget.o
    0x0000140c   0x0000140c   0x00000010   Code   RO          712    i.fputc             retarget.o
    0x0000141c   0x0000141c   0x00000184   Code   RO          274    i.i2c_read          i2c.o
    0x000015a0   0x000015a0   0x00000084   Code   RO          275    i.i2c_start         i2c.o
    0x00001624   0x00001624   0x0000002c   Code   RO          276    i.i2c_stop          i2c.o
    0x00001650   0x00001650   0x00000140   Code   RO          277    i.i2c_write         i2c.o
    0x00001790   0x00001790   0x00000074   Code   RO            8    i.init              main.o
    0x00001804   0x00001804   0x0000002c   Code   RO            9    i.init_HCLK         main.o
    0x00001830   0x00001830   0x00000098   Code   RO           10    i.init_UART0        main.o
    0x000018c8   0x000018c8   0x000000c4   Code   RO          182    i.init_spi          rfoutput.o
    0x0000198c   0x0000198c   0x00000040   Code   RO           11    i.main              main.o
    0x000019cc   0x000019cc   0x00000168   Code   RO          183    i.nrf_config        rfoutput.o
    0x00001b34   0x00001b34   0x00000084   Code   RO          184    i.nrf_init          rfoutput.o
    0x00001bb8   0x00001bb8   0x000000a4   Code   RO          186    i.nrf_output        rfoutput.o
    0x00001c5c   0x00001c5c   0x00000028   Code   RO          187    i.spi               rfoutput.o
    0x00001c84   0x00001c84   0x0000001c   Code   RO          188    i.spi_cmd           rfoutput.o
    0x00001ca0   0x00001ca0   0x00000028   Code   RO          189    i.spi_getreg        rfoutput.o
    0x00001cc8   0x00001cc8   0x0000004c   Code   RO          190    i.spi_setaddr       rfoutput.o
    0x00001d14   0x00001d14   0x00000028   Code   RO          191    i.spi_setreg        rfoutput.o
    0x00001d3c   0x00001d3c   0x00000048   Code   RO         1051    i.sqrt              m_ps.l(sqrt.o)
    0x00001d84   0x00001d84   0x000000a8   Code   RO          714    i.stackDump         retarget.o
    0x00001e2c   0x00001e2c   0x0000008c   Code   RO         1033    x$fpl$fadd          fz_ps.l(faddsub.o)
    0x00001eb8   0x00001eb8   0x000000b0   Code   RO         1046    x$fpl$fmul          fz_ps.l(fmul.o)
    0x00001f68   0x00001f68   0x00000058   Code   RO         1048    x$fpl$frleqf        fz_ps.l(frlef.o)
    0x00001fc0   0x00001fc0   0x000000d0   Code   RO         1035    x$fpl$fsub          fz_ps.l(faddsub.o)
    0x00002090   0x00002090   0x00000000   Code   RO         1078    x$fpl$usenofp       fz_ps.l(usenofp.o)
    0x00002090   0x00002090   0x00000014   Data   RO           14    .constdata          main.o
    0x000020a4   0x000020a4   0x00000030   Data   RO          878    .constdata          uart.o
    0x000020d4   0x000020d4   0x00000028   Data   RO          979    .constdata          c_p.l(_printf_hex_int.o)
    0x000020fc   0x000020fc   0x00000040   Data   RO         1040    .constdata          fz_ps.l(fdiv.o)
    0x0000213c   0x0000213c   0x00000020   Data   RO         1256    Region$$Table       anon$$obj.o


    Execution Region ER_RW (Exec base: 0x20000000, Load base: 0x0000215c, Size: 0x00000068, Max: 0xffffffff, ABSOLUTE)

    Exec Addr    Load Addr    Size         Type   Attr      Idx    E Section Name        Object

    0x20000000   0x0000215c   0x00000030   Data   RW           15    .data               main.o
    0x20000030   0x0000218c   0x0000000a   Data   RW          192    .data               rfoutput.o
    0x2000003a   0x00002196   0x00000002   PAD
    0x2000003c   0x00002198   0x00000019   Data   RW          279    .data               i2c.o
    0x20000055   0x000021b1   0x00000003   PAD
    0x20000058   0x000021b4   0x00000008   Data   RW          715    .data               retarget.o
    0x20000060   0x000021bc   0x00000008   Data   RW          829    .data               system_nano100series.o


    Execution Region ER_ZI (Exec base: 0x20000068, Load base: 0x000021c4, Size: 0x00000ad0, Max: 0xffffffff, ABSOLUTE)

    Exec Addr    Load Addr    Size         Type   Attr      Idx    E Section Name        Object

    0x20000068        -       0x00000070   Zero   RW          278    .bss                i2c.o
    0x200000d8        -       0x00000060   Zero   RW         1110    .bss                c_p.l(libspace.o)
    0x20000138        -       0x00000500   Zero   RW          818    HEAP                startup_nano100series.o
    0x20000638        -       0x00000500   Zero   RW          817    STACK               startup_nano100series.o


==============================================================================

Image component sizes


      Code (inc. data)   RO Data    RW Data    ZI Data      Debug   Object Name

       496         40          0          0          0       4603   clk.o
      1456         80          0         25        112       6166   i2c.o
       584         84         20         48          0     156784   main.o
       304        134          0          8          0     116753   retarget.o
      1078        114          0         10          0      34037   rfoutput.o
       238         14          0          0          0     114034   spi.o
        96         46        192          0       2560        644   startup_nano100series.o
       252         34          0          8          0       2230   system_nano100series.o
       160         14         48          0          0       1452   uart.o

    ----------------------------------------------------------------------
      4666        560        292        104       2672     436703   Object Totals
         0          0         32          0          0          0   (incl. Generated)
         2          0          0          5          0          0   (incl. Padding)

    ----------------------------------------------------------------------

      Code (inc. data)   RO Data    RW Data    ZI Data      Debug   Library Member Name

         8          0          0          0          0         68   __main.o
       284          0          0          0          0        136   __printf_wp.o
         0          0          0          0          0          0   __rtentry.o
        12          0          0          0          0          0   __rtentry2.o
         6          0          0          0          0          0   __rtentry4.o
        60          8          0          0          0          0   __scatter.o
        26          0          0          0          0          0   __scatter_copy.o
        28          0          0          0          0          0   __scatter_zi.o
        48          6          0          0          0         88   _printf_char_common.o
        40          6          0          0          0         72   _printf_char_file.o
        10          0          0          0          0          0   _printf_d.o
       108         18          0          0          0         76   _printf_dec.o
        88          4         40          0          0         72   _printf_hex_int.o
       176          0          0          0          0         84   _printf_intcommon.o
         2          0          0          0          0          0   _printf_percent.o
         4          0          0          0          0          0   _printf_percent_end.o
        10          0          0          0          0          0   _printf_x.o
        22          0          0          0          0         92   _rserrno.o
       346          0          0          0          0         92   aeabi_sdiv.o
        16          0          0          0          0         68   exit.o
         6          0          0          0          0        136   heapauxi.o
         0          0          0          0          0          0   indicate_semi.o
         2          0          0          0          0          0   libinit.o
         2          0          0          0          0          0   libinit2.o
         2          0          0          0          0          0   libshutdown.o
         2          0          0          0          0          0   libshutdown2.o
         8          4          0          0         96         68   libspace.o
        28          6          0          0          0         84   noretval__2printf.o
         8          4          0          0          0         68   rt_errno_addr_intlibspace.o
        64          0          0          0          0        108   rt_memclr.o
         2          0          0          0          0          0   rtexit.o
        10          0          0          0          0          0   rtexit2.o
        40          0          0          0          0         60   rtudiv10.o
        12          4          0          0          0         60   sys_exit.o
        62          0          0          0          0         80   sys_stackheap_outer.o
         2          0          0          0          0         68   use_no_semi.o
        46          0          0          0          0         60   cmpret.o
       124          4          0          0          0         72   d2f.o
       256          8          0          0          0         76   dsqrt.o
        84          4          0          0          0         60   f2d.o
       348          8          0          0          0        160   faddsub.o
       100          4          0          0          0         68   fcmpin.o
       352         10         64          0          0         92   fdiv.o
        76          0          0          0          0         68   ffixi.o
        94          0          0          0          0         92   fflti.o
       176          4          0          0          0         80   fmul.o
        16          6          0          0          0         68   fnan2.o
        88          4          0          0          0         76   frlef.o
        94          0          0          0          0         68   retnan.o
         0          0          0          0          0          0   usenofp.o
        72          6          0          0          0         76   sqrt.o

    ----------------------------------------------------------------------
      3478        118        104          0         96       2696   Library Totals
         8          0          0          0          0          0   (incl. Padding)

    ----------------------------------------------------------------------

      Code (inc. data)   RO Data    RW Data    ZI Data      Debug   Library Name

      1544         60         40          0         96       1580   c_p.l
      1854         52         64          0          0       1040   fz_ps.l
        72          6          0          0          0         76   m_ps.l

    ----------------------------------------------------------------------
      3478        118        104          0         96       2696   Library Totals

    ----------------------------------------------------------------------

==============================================================================


      Code (inc. data)   RO Data    RW Data    ZI Data      Debug   

      8144        678        396        104       2768     435995   Grand Totals
      8144        678        396        104       2768     435995   ELF Image Totals
      8144        678        396        104          0          0   ROM Totals

==============================================================================

    Total RO  Size (Code + RO Data)                 8540 (   8.34kB)
    Total RW  Size (RW Data + ZI Data)              2872 (   2.80kB)
    Total ROM Size (Code + RO Data + RW Data)       8644 (   8.44kB)

==============================================================================

